This is XeTeX, Version 3.141592653-2.6-0.999998 (MiKTeX 26.2) (preloaded format=xelatex 2026.4.12)  11 JUN 2026 12:50
entering extended mode
 restricted \write18 enabled.
 file:line:error style messages enabled.
 %&-line parsing enabled.
**c:/Users/User/OneDrive/Desktop/Digital_shelf_diplom/Diplom/Digital_shelf_diplom/report/main.tex
(c:/Users/User/OneDrive/Desktop/Digital_shelf_diplom/Diplom/Digital_shelf_diplom/report/main.tex
LaTeX2e <2025-11-01>
L3 programming layer <2026-01-19>
(preamble.tex (C:\Users\User\AppData\Local\Programs\MiKTeX\tex/latex/base\report.cls
Document Class: report 2025/01/22 v1.4n Standard LaTeX document class
(C:\Users\User\AppData\Local\Programs\MiKTeX\tex/latex/base\size10.clo
File: size10.clo 2025/01/22 v1.4n Standard LaTeX file (size option)
)
\c@part=\count271
\c@chapter=\count272
\c@section=\count273
\c@subsection=\count274
\c@subsubsection=\count275
\c@paragraph=\count276
\c@subparagraph=\count277
\c@figure=\count278
\c@table=\count279
\abovecaptionskip=\skip49
\belowcaptionskip=\skip50
\bibindent=\dimen148
) (C:\Users\User\AppData\Local\Programs\MiKTeX\tex/latex/ragged2e\ragged2e.sty
Package: ragged2e 2023/06/22 v3.6 ragged2e Package
\CenteringLeftskip=\skip51
\RaggedLeftLeftskip=\skip52
\RaggedRightLeftskip=\skip53
\CenteringRightskip=\skip54
\RaggedLeftRightskip=\skip55
\RaggedRightRightskip=\skip56
\CenteringParfillskip=\skip57
\RaggedLeftParfillskip=\skip58
\RaggedRightParfillskip=\skip59
\JustifyingParfillskip=\skip60
\CenteringParindent=\skip61
\RaggedLeftParindent=\skip62
\RaggedRightParindent=\skip63
\JustifyingParindent=\skip64
) (C:\Users\User\AppData\Local\Programs\MiKTeX\tex/latex/geometry\geometry.sty
Package: geometry 2026/03/07 v6.0 Page Geometry
 (C:\Users\User\AppData\Local\Programs\MiKTeX\tex/latex/graphics\keyval.sty
Package: keyval 2022/05/29 v1.15 key=value parser (DPC)
\KV@toks@=\toks17
) (C:\Users\User\AppData\Local\Programs\MiKTeX\tex/generic/iftex\ifvtex.sty
Package: ifvtex 2019/10/25 v1.7 ifvtex legacy package. Use iftex instead.
 (C:\Users\User\AppData\Local\Programs\MiKTeX\tex/generic/iftex\iftex.sty
Package: iftex 2024/12/12 v1.0g TeX engine tests
))
\Gm@cnth=\count280
\Gm@cntv=\count281
\c@Gm@tempcnt=\count282
\Gm@bindingoffset=\dimen149
\Gm@wd@mp=\dimen150
\Gm@odd@mp=\dimen151
\Gm@even@mp=\dimen152
\Gm@layoutwidth=\dimen153
\Gm@layoutheight=\dimen154
\Gm@layouthoffset=\dimen155
\Gm@layoutvoffset=\dimen156
\Gm@dimlist=\toks18
 (C:\Users\User\AppData\Local\Programs\MiKTeX\tex/latex/geometry\geometry.cfg)) (C:\Users\User\AppData\Local\Programs\MiKTeX\tex/latex/titlesec\titlesec.sty
Package: titlesec 2025/01/04 v2.17 Sectioning titles
\ttl@box=\box53
\beforetitleunit=\skip65
\aftertitleunit=\skip66
\ttl@plus=\dimen157
\ttl@minus=\dimen158
\ttl@toksa=\toks19
\titlewidth=\dimen159
\titlewidthlast=\dimen160
\titlewidthfirst=\dimen161
) (C:\Users\User\AppData\Local\Programs\MiKTeX\tex/latex/graphics\graphicx.sty
Package: graphicx 2024/12/31 v1.2e Enhanced LaTeX Graphics (DPC,SPQR)
 (C:\Users\User\AppData\Local\Programs\MiKTeX\tex/latex/graphics\graphics.sty
Package: graphics 2024/08/06 v1.4g Standard LaTeX Graphics (DPC,SPQR)
 (C:\Users\User\AppData\Local\Programs\MiKTeX\tex/latex/graphics\trig.sty
Package: trig 2023/12/02 v1.11 sin cos tan (DPC)
) (C:\Users\User\AppData\Local\Programs\MiKTeX\tex/latex/graphics-cfg\graphics.cfg
File: graphics.cfg 2016/06/04 v1.11 sample graphics configuration
)
Package graphics Info: Driver file: xetex.def on input line 106.
 (C:\Users\User\AppData\Local\Programs\MiKTeX\tex/latex/graphics-def\xetex.def
File: xetex.def 2025/11/01 v5.0p Graphics/color driver for xetex
))
\Gin@req@height=\dimen162
\Gin@req@width=\dimen163
) (C:\Users\User\AppData\Local\Programs\MiKTeX\tex/latex/graphics\epsfig.sty
Package: epsfig 2024/01/14 v1.7b (e)psfig emulation (SPQR)
\epsfxsize=\dimen164
\epsfysize=\dimen165
) (C:\Users\User\AppData\Local\Programs\MiKTeX\tex/latex/parskip\parskip.sty
Package: parskip 2021-03-14 v2.0h non-zero parskip adjustments
 (C:\Users\User\AppData\Local\Programs\MiKTeX\tex/latex/kvoptions\kvoptions.sty
Package: kvoptions 2022-06-15 v3.15 Key value format for package options (HO)
 (C:\Users\User\AppData\Local\Programs\MiKTeX\tex/generic/ltxcmds\ltxcmds.sty
Package: ltxcmds 2023-12-04 v1.26 LaTeX kernel commands for general use (HO)
) (C:\Users\User\AppData\Local\Programs\MiKTeX\tex/latex/kvsetkeys\kvsetkeys.sty
Package: kvsetkeys 2022-10-05 v1.19 Key value parser (HO)
)) (C:\Users\User\AppData\Local\Programs\MiKTeX\tex/latex/etoolbox\etoolbox.sty
Package: etoolbox 2025/10/02 v2.5m e-TeX tools for LaTeX (JAW)
\etb@tempcnta=\count283
)) (C:\Users\User\AppData\Local\Programs\MiKTeX\tex/latex/caption\caption.sty
Package: caption 2023/08/05 v3.6o Customizing captions (AR)
 (C:\Users\User\AppData\Local\Programs\MiKTeX\tex/latex/caption\caption3.sty
Package: caption3 2023/07/31 v2.4d caption3 kernel (AR)
\caption@tempdima=\dimen166
\captionmargin=\dimen167
\caption@leftmargin=\dimen168
\caption@rightmargin=\dimen169
\caption@width=\dimen170
\caption@indent=\dimen171
\caption@parindent=\dimen172
\caption@hangindent=\dimen173
Package caption Info: Standard document class detected.
)
\c@caption@flags=\count284
\c@continuedfloat=\count285
) (C:\Users\User\AppData\Local\Programs\MiKTeX\tex/latex/graphics\rotating.sty
Package: rotating 2025/01/14 v2.16e rotated objects in LaTeX
 (C:\Users\User\AppData\Local\Programs\MiKTeX\tex/latex/base\ifthen.sty
Package: ifthen 2024/03/16 v1.1e Standard LaTeX ifthen package (DPC)
)
\c@r@tfl@t=\count286
\rotFPtop=\skip67
\rotFPbot=\skip68
\rot@float@box=\box54
\rot@mess@toks=\toks20
) (C:\Users\User\AppData\Local\Programs\MiKTeX\tex/latex/float\float.sty
Package: float 2001/11/08 v1.3d Float enhancements (AL)
\c@float@type=\count287
\float@exts=\toks21
\float@box=\box55
\@float@everytoks=\toks22
\@floatcapt=\box56
) (C:\Users\User\AppData\Local\Programs\MiKTeX\tex/latex/lastpage\lastpage.sty
Package: lastpage 2025/08/14 v2.1h lastpage: 2.09 or 2e? (HMM)
 (C:\Users\User\AppData\Local\Programs\MiKTeX\tex/latex/lastpage\lastpage2e.sty
Package: lastpage2e 2025/08/14 v2.1h Decide which 2e lastpage version to use (HMM)
 (C:\Users\User\AppData\Local\Programs\MiKTeX\tex/latex/lastpage\lastpagemodern.sty
Package: lastpagemodern 2025-08-14 v2.1h Refers to last page's name (HMM; JPG)
\c@lastpagecount=\count288
) 
)) (C:\Users\User\AppData\Local\Programs\MiKTeX\tex/latex/amsmath\amsmath.sty
Package: amsmath 2025/07/09 v2.17z AMS math features
\@mathmargin=\skip69

For additional information on amsmath, use the `?' option.
(C:\Users\User\AppData\Local\Programs\MiKTeX\tex/latex/amsmath\amstext.sty
Package: amstext 2024/11/17 v2.01 AMS text
 (C:\Users\User\AppData\Local\Programs\MiKTeX\tex/latex/amsmath\amsgen.sty
File: amsgen.sty 1999/11/30 v2.0 generic functions
\@emptytoks=\toks23
\ex@=\dimen174
)) (C:\Users\User\AppData\Local\Programs\MiKTeX\tex/latex/amsmath\amsbsy.sty
Package: amsbsy 1999/11/29 v1.2d Bold Symbols
\pmbraise@=\dimen175
) (C:\Users\User\AppData\Local\Programs\MiKTeX\tex/latex/amsmath\amsopn.sty
Package: amsopn 2022/04/08 v2.04 operator names
)
\inf@bad=\count289
LaTeX Info: Redefining \frac on input line 233.
\uproot@=\count290
\leftroot@=\count291
LaTeX Info: Redefining \overline on input line 398.
LaTeX Info: Redefining \colon on input line 409.
\classnum@=\count292
\DOTSCASE@=\count293
LaTeX Info: Redefining \ldots on input line 495.
LaTeX Info: Redefining \dots on input line 498.
LaTeX Info: Redefining \cdots on input line 619.
\Mathstrutbox@=\box57
\strutbox@=\box58
LaTeX Info: Redefining \big on input line 721.
LaTeX Info: Redefining \Big on input line 722.
LaTeX Info: Redefining \bigg on input line 723.
LaTeX Info: Redefining \Bigg on input line 724.
\big@size=\dimen176
LaTeX Font Info:    Redeclaring font encoding OML on input line 742.
LaTeX Font Info:    Redeclaring font encoding OMS on input line 743.
\macc@depth=\count294
LaTeX Info: Redefining \bmod on input line 904.
LaTeX Info: Redefining \pmod on input line 909.
LaTeX Info: Redefining \smash on input line 939.
LaTeX Info: Redefining \relbar on input line 969.
LaTeX Info: Redefining \Relbar on input line 970.
\c@MaxMatrixCols=\count295
\dotsspace@=\muskip17
\c@parentequation=\count296
\dspbrk@lvl=\count297
\tag@help=\toks24
\row@=\count298
\column@=\count299
\maxfields@=\count300
\andhelp@=\toks25
\eqnshift@=\dimen177
\alignsep@=\dimen178
\tagshift@=\dimen179
\tagwidth@=\dimen180
\totwidth@=\dimen181
\lineht@=\dimen182
\@envbody=\toks26
\multlinegap=\skip70
\multlinetaggap=\skip71
\mathdisplay@stack=\toks27
LaTeX Info: Redefining \[ on input line 2950.
LaTeX Info: Redefining \] on input line 2951.
) (C:\Users\User\AppData\Local\Programs\MiKTeX\tex/latex/amsfonts\amsfonts.sty
Package: amsfonts 2013/01/14 v3.01 Basic AMSFonts support
\symAMSa=\mathgroup4
\symAMSb=\mathgroup5
LaTeX Font Info:    Redeclaring math symbol \hbar on input line 98.
LaTeX Font Info:    Overwriting math alphabet `\mathfrak' in version `bold'
(Font)                  U/euf/m/n --> U/euf/b/n on input line 106.
) (C:\Users\User\AppData\Local\Programs\MiKTeX\tex/latex/scalerel\scalerel.sty
Package: scalerel 2016/12/29 v1.8 Routines for constrained scaling and stretching of objects, relative to a reference object or in absolute terms
 (C:\Users\User\AppData\Local\Programs\MiKTeX\tex/latex/tools\calc.sty
Package: calc 2025/03/01 v4.3b Infix arithmetic (KKT,FJ)
\calc@Acount=\count301
\calc@Bcount=\count302
\calc@Adimen=\dimen183
\calc@Bdimen=\dimen184
\calc@Askip=\skip72
\calc@Bskip=\skip73
LaTeX Info: Redefining \setlength on input line 86.
LaTeX Info: Redefining \addtolength on input line 87.
\calc@Ccount=\count303
\calc@Cskip=\skip74
)
\thesrwidth=\skip75
\thesrheight=\skip76
\srblobheight=\skip77
\srblobdepth=\skip78
\mnxsrwidth=\skip79
\LMex=\skip80
\LMpt=\skip81
) (C:\Users\User\AppData\Local\Programs\MiKTeX\tex/latex/tools\enumerate.sty
Package: enumerate 2023/07/04 v3.00 enumerate extensions (DPC)
\@enLab=\toks28
) (C:\Users\User\AppData\Local\Programs\MiKTeX\tex/latex/enumitem\enumitem.sty
Package: enumitem 2025/02/06 v3.11 Customized lists
\labelindent=\skip82
\enit@outerparindent=\dimen185
\enit@toks=\toks29
\enit@inbox=\box59
\enit@count@id=\count304
\enitdp@description=\count305
) (C:\Users\User\AppData\Local\Programs\MiKTeX\tex/latex/multirow\multirow.sty
Package: multirow 2024/11/12 v2.9 Span multiple rows of a table
\multirow@colwidth=\skip83
\multirow@cntb=\count306
\multirow@dima=\skip84
\bigstrutjot=\dimen186
) (C:\Users\User\AppData\Local\Programs\MiKTeX\tex/latex/stackengine\stackengine.sty
Package: stackengine 2021/07/22 v4.11\ Stacking text and objects in convenient ways
 (C:\Users\User\AppData\Local\Programs\MiKTeX\tex/latex/listofitems\listofitems.sty (C:\Users\User\AppData\Local\Programs\MiKTeX\tex/generic/listofitems\listofitems.tex
\loi_cnt_foreach_nest=\count307
\loi_nestcnt=\count308
)
Package: listofitems 2024/03/09 v1.65 Grab items in lists using user-specified sep char (CT)
)
\c@@stackindex=\count309
\@boxshift=\skip85
\stack@tmplength=\skip86
\temp@stkl=\skip87
\@stackedboxwidth=\skip88
\@addedbox=\box60
\@anchorbox=\box61
\@insetbox=\box62
\se@backgroundbox=\box63
\stackedbox=\box64
\@centerbox=\box65
\c@ROWcellindex@=\count310
) (C:\Users\User\AppData\Local\Programs\MiKTeX\tex/latex/tabularray\tabularray.sty
Package: tabularray 2025-11-27 v2025C Typeset tabulars and arrays with LaTeX3
\g__tblr_nohyper_int=\count311
\l__tblr_a_int=\count312
\l__tblr_c_int=\count313
\l__tblr_r_int=\count314
\l__tblr_d_dim=\dimen187
\l__tblr_h_dim=\dimen188
\l__tblr_o_dim=\dimen189
\l__tblr_p_dim=\dimen190
\l__tblr_q_dim=\dimen191
\l__tblr_r_dim=\dimen192
\l__tblr_s_dim=\dimen193
\l__tblr_t_dim=\dimen194
\l__tblr_v_dim=\dimen195
\l__tblr_w_dim=\dimen196
\l__tblr_a_box=\box66
\l__tblr_b_box=\box67
\l__tblr_c_box=\box68
\l__tblr_d_box=\box69
\c@tblrcount=\count315
\c@rownum=\count316
\c@colnum=\count317
\c@rowcount=\count318
\c@colcount=\count319
\abovesep=\dimen197
\belowsep=\dimen198
\leftsep=\dimen199
\rightsep=\dimen256
\gTblrLevelInt=\count320
\g__tblr_data_row_key_count_int=\count321
\g__tblr_data_column_key_count_int=\count322
\g__tblr_data_cell_key_count_int=\count323
\g__tblr_array_int=\count324
\l__tblr_key_count_int=\count325
\l__tblr_key_quotient_int=\count326
\l__tblr_key_quotient_two_int=\count327
\l__tblr_key_remainder_int=\count328
\g__tblr_data_str_value_count_int=\count329
\lTblrChildTotalInt=\count330
\lTblrChildHtotalInt=\count331
\lTblrChildVtotalInt=\count332
\l__child_diff_h_int=\count333
\l__child_diff_v_int=\count334
\l__child_sign_h_int=\count335
\l__child_sign_v_int=\count336
\l__child_step_int=\count337
\lTblrDefaultHruleWidthDim=\dimen257
\lTblrDefaultVruleWidthDim=\dimen258
\l__tblr_split_balance_int=\count338
\l__tblr_strut_dp_dim=\dimen259
\l__tblr_strut_ht_dim=\dimen260
\g__tblr_cell_wd_dim=\dimen261
\g__tblr_cell_ht_dim=\dimen262
\g__tblr_cell_head_dim=\dimen263
\g__tblr_cell_foot_dim=\dimen264
\l__tblr_measured_cell_box=\box70
\g__tblr_last_box=\box71
\l__tblr_temp_box=\box72
\l__tblr_column_target_dim=\dimen265
\l__tblr_hfuzz_dim=\dimen266
\l__tblr_caption_box=\box73
\l__tblr_caption_left_box=\box74
\lTblrRowHeadInt=\count339
\lTblrRowFootInt=\count340
\l__tblr_row_head_box=\box75
\l__tblr_row_foot_box=\box76
\l__tblr_row_head_foot_dim=\dimen267
\lTblrTableWidthDim=\dimen268
\l__tblr_table_firsthead_box=\box77
\l__tblr_table_middlehead_box=\box78
\l__tblr_table_lasthead_box=\box79
\l__tblr_table_firstfoot_box=\box80
\l__tblr_table_middlefoot_box=\box81
\l__tblr_table_lastfoot_box=\box82
\l__tblr_remain_height_dim=\dimen269
\l__tblr_next_rows_dim=\dimen270
\l__tblr_page_overfill_dim=\dimen271
\l__tblr_long_from_int=\count341
\l__tblr_long_to_int=\count342
\l__tblr_curr_i_int=\count343
\l__tblr_prev_i_int=\count344
\lTblrTablePageInt=\count345
\l__tblr_table_head_box=\box83
\l__tblr_table_foot_box=\box84
\l__tblr_table_head_foot_dim=\dimen272
\l__tblr_table_head_body_foot_dim=\dimen273
\l__tblr_table_box=\box85
\lTblrRowFirstInt=\count346
\lTblrRowLastInt=\count347
\l__tblr_cover_box_a_dim=\dimen274
\l__tblr_cover_box_b_dim=\dimen275
\l__tblr_table_hlines_box=\box86
\l__tblr_hline_box=\box87
\l__tblr_row_box=\box88
\l__tblr_col_o_wd_dim=\dimen276
\l__tblr_col_b_wd_dim=\dimen277
\l__tblr_hline_leftskip_dim=\dimen278
\l__tblr_hline_rightskip_dim=\dimen279
\l__tblr_row_ht_dim=\dimen280
\l__tblr_row_dp_dim=\dimen281
\l__tblr_row_abovesep_dim=\dimen282
\l__tblr_row_belowsep_dim=\dimen283
\l__tblr_row_vlines_box=\box89
\l__tblr_vline_box=\box90
\l__tblr_cell_box=\box91
\l__tblr_row_upper_dim=\dimen284
\l__tblr_row_lower_dim=\dimen285
\l__tblr_row_vpace_dim=\dimen286
\l__tblr_vline_aboveskip_dim=\dimen287
\l__tblr_vline_belowskip_dim=\dimen288
\lTblrCellRowSpanInt=\count348
\lTblrCellColSpanInt=\count349
\l__tblr_cell_wd_dim=\dimen289
\l__tblr_cell_ht_dim=\dimen290
\lTblrCellAboveBorderWidthDim=\dimen291
\lTblrCellBelowBorderWidthDim=\dimen292
\lTblrCellLeftBorderWidthDim=\dimen293
\lTblrCellRightBorderWidthDim=\dimen294
\l__tblr_diag_box=\box92
\l__tblr_cell_inner_wd_dim=\dimen295
\l__tblr_cell_inner_dp_dim=\dimen296
\l__tblr_cell_hanchor_dim=\dimen297
\l__tblr_last_cell_table_ht_dim=\dimen298
\l__tblr_last_cell_table_dp_dim=\dimen299
\l__tblr_last_vline_wd_dim=\dimen300
\l__tblr_tikz_node_box=\box93
) (C:\Users\User\AppData\Local\Programs\MiKTeX\tex/latex/nicematrix\nicematrix.sty (C:\Users\User\AppData\Local\Programs\MiKTeX\tex/latex/pgf/basiclayer\pgfcore.sty (C:\Users\User\AppData\Local\Programs\MiKTeX\tex/latex/pgf/systemlayer\pgfsys.sty (C:\Users\User\AppData\Local\Programs\MiKTeX\tex/latex/pgf/utilities\pgfrcs.sty (C:\Users\User\AppData\Local\Programs\MiKTeX\tex/generic/pgf/utilities\pgfutil-common.tex
\pgfutil@everybye=\toks30
\pgfutil@tempdima=\dimen301
\pgfutil@tempdimb=\dimen302
) (C:\Users\User\AppData\Local\Programs\MiKTeX\tex/generic/pgf/utilities\pgfutil-latex.def
\pgfutil@abb=\box94
) (C:\Users\User\AppData\Local\Programs\MiKTeX\tex/generic/pgf/utilities\pgfrcs.code.tex (C:\Users\User\AppData\Local\Programs\MiKTeX\tex/generic/pgf\pgf.revision.tex)
Package: pgfrcs 2025-08-29 v3.1.11a (3.1.11a)
)) (C:\Users\User\AppData\Local\Programs\MiKTeX\tex/generic/pgf/systemlayer\pgfsys.code.tex
Package: pgfsys 2025-08-29 v3.1.11a (3.1.11a)
 (C:\Users\User\AppData\Local\Programs\MiKTeX\tex/generic/pgf/utilities\pgfkeys.code.tex
\pgfkeys@pathtoks=\toks31
\pgfkeys@temptoks=\toks32
 (C:\Users\User\AppData\Local\Programs\MiKTeX\tex/generic/pgf/utilities\pgfkeyslibraryfiltered.code.tex
\pgfkeys@tmptoks=\toks33
))
\pgf@x=\dimen303
\pgf@y=\dimen304
\pgf@xa=\dimen305
\pgf@ya=\dimen306
\pgf@xb=\dimen307
\pgf@yb=\dimen308
\pgf@xc=\dimen309
\pgf@yc=\dimen310
\pgf@xd=\dimen311
\pgf@yd=\dimen312
\w@pgf@writea=\write3
\r@pgf@reada=\read2
\c@pgf@counta=\count350
\c@pgf@countb=\count351
\c@pgf@countc=\count352
\c@pgf@countd=\count353
\t@pgf@toka=\toks34
\t@pgf@tokb=\toks35
\t@pgf@tokc=\toks36
\pgf@sys@id@count=\count354
 (C:\Users\User\AppData\Local\Programs\MiKTeX\tex/generic/pgf/systemlayer\pgf.cfg
File: pgf.cfg 2025-08-29 v3.1.11a (3.1.11a)
)
Driver file for pgf: pgfsys-xetex.def
 (C:\Users\User\AppData\Local\Programs\MiKTeX\tex/generic/pgf/systemlayer\pgfsys-xetex.def
File: pgfsys-xetex.def 2025-08-29 v3.1.11a (3.1.11a)
 (C:\Users\User\AppData\Local\Programs\MiKTeX\tex/generic/pgf/systemlayer\pgfsys-dvipdfmx.def
File: pgfsys-dvipdfmx.def 2025-08-29 v3.1.11a (3.1.11a)
 (C:\Users\User\AppData\Local\Programs\MiKTeX\tex/generic/pgf/systemlayer\pgfsys-common-pdf.def
File: pgfsys-common-pdf.def 2025-08-29 v3.1.11a (3.1.11a)
)
\pgfsys@objnum=\count355
))) (C:\Users\User\AppData\Local\Programs\MiKTeX\tex/generic/pgf/systemlayer\pgfsyssoftpath.code.tex
File: pgfsyssoftpath.code.tex 2025-08-29 v3.1.11a (3.1.11a)
\pgfsyssoftpath@smallbuffer@items=\count356
\pgfsyssoftpath@bigbuffer@items=\count357
) (C:\Users\User\AppData\Local\Programs\MiKTeX\tex/generic/pgf/systemlayer\pgfsysprotocol.code.tex
File: pgfsysprotocol.code.tex 2025-08-29 v3.1.11a (3.1.11a)
)) (C:\Users\User\AppData\Local\Programs\MiKTeX\tex/latex/xcolor\xcolor.sty
Package: xcolor 2024/09/29 v3.02 LaTeX color extensions (UK)
 (C:\Users\User\AppData\Local\Programs\MiKTeX\tex/latex/graphics-cfg\color.cfg
File: color.cfg 2016/01/02 v1.6 sample color configuration
)
Package xcolor Info: Driver file: xetex.def on input line 274.
 (C:\Users\User\AppData\Local\Programs\MiKTeX\tex/latex/graphics\mathcolor.ltx)
Package xcolor Info: Model `cmy' substituted by `cmy0' on input line 1349.
Package xcolor Info: Model `RGB' extended on input line 1365.
Package xcolor Info: Model `HTML' substituted by `rgb' on input line 1367.
Package xcolor Info: Model `Hsb' substituted by `hsb' on input line 1368.
Package xcolor Info: Model `tHsb' substituted by `hsb' on input line 1369.
Package xcolor Info: Model `HSB' substituted by `hsb' on input line 1370.
Package xcolor Info: Model `Gray' substituted by `gray' on input line 1371.
Package xcolor Info: Model `wave' substituted by `hsb' on input line 1372.
) (C:\Users\User\AppData\Local\Programs\MiKTeX\tex/latex/ninecolors\ninecolors.sty
Package: ninecolors 2022-02-13 v2022D Select colors with proper color contrast
 (C:\Users\User\AppData\Local\Programs\MiKTeX\tex/latex/l3packages/xparse\xparse.sty (C:\Users\User\AppData\Local\Programs\MiKTeX\tex/latex/l3kernel\expl3.sty
Package: expl3 2026-01-19 L3 programming layer (loader) 
 (C:\Users\User\AppData\Local\Programs\MiKTeX\tex/latex/l3backend\l3backend-xetex.def
File: l3backend-xetex.def 2025-10-09 L3 backend support: XeTeX
\g__graphics_track_int=\count358
\g__pdfannot_backend_int=\count359
\g__pdfannot_backend_link_int=\count360
))
Package: xparse 2025-10-09 L3 Experimental document command parser
)) (C:\Users\User\AppData\Local\Programs\MiKTeX\tex/generic/pgf/basiclayer\pgfcore.code.tex
Package: pgfcore 2025-08-29 v3.1.11a (3.1.11a)
 (C:\Users\User\AppData\Local\Programs\MiKTeX\tex/generic/pgf/math\pgfmath.code.tex (C:\Users\User\AppData\Local\Programs\MiKTeX\tex/generic/pgf/math\pgfmathutil.code.tex) (C:\Users\User\AppData\Local\Programs\MiKTeX\tex/generic/pgf/math\pgfmathparser.code.tex
\pgfmath@dimen=\dimen313
\pgfmath@count=\count361
\pgfmath@box=\box95
\pgfmath@toks=\toks37
\pgfmath@stack@operand=\toks38
\pgfmath@stack@operation=\toks39
) (C:\Users\User\AppData\Local\Programs\MiKTeX\tex/generic/pgf/math\pgfmathfunctions.code.tex) (C:\Users\User\AppData\Local\Programs\MiKTeX\tex/generic/pgf/math\pgfmathfunctions.basic.code.tex) (C:\Users\User\AppData\Local\Programs\MiKTeX\tex/generic/pgf/math\pgfmathfunctions.trigonometric.code.tex) (C:\Users\User\AppData\Local\Programs\MiKTeX\tex/generic/pgf/math\pgfmathfunctions.random.code.tex) (C:\Users\User\AppData\Local\Programs\MiKTeX\tex/generic/pgf/math\pgfmathfunctions.comparison.code.tex) (C:\Users\User\AppData\Local\Programs\MiKTeX\tex/generic/pgf/math\pgfmathfunctions.base.code.tex) (C:\Users\User\AppData\Local\Programs\MiKTeX\tex/generic/pgf/math\pgfmathfunctions.round.code.tex) (C:\Users\User\AppData\Local\Programs\MiKTeX\tex/generic/pgf/math\pgfmathfunctions.misc.code.tex) (C:\Users\User\AppData\Local\Programs\MiKTeX\tex/generic/pgf/math\pgfmathfunctions.integerarithmetics.code.tex) (C:\Users\User\AppData\Local\Programs\MiKTeX\tex/generic/pgf/math\pgfmathcalc.code.tex) (C:\Users\User\AppData\Local\Programs\MiKTeX\tex/generic/pgf/math\pgfmathfloat.code.tex
\c@pgfmathroundto@lastzeros=\count362
)) (C:\Users\User\AppData\Local\Programs\MiKTeX\tex/generic/pgf/math\pgfint.code.tex) (C:\Users\User\AppData\Local\Programs\MiKTeX\tex/generic/pgf/basiclayer\pgfcorepoints.code.tex
File: pgfcorepoints.code.tex 2025-08-29 v3.1.11a (3.1.11a)
\pgf@picminx=\dimen314
\pgf@picmaxx=\dimen315
\pgf@picminy=\dimen316
\pgf@picmaxy=\dimen317
\pgf@pathminx=\dimen318
\pgf@pathmaxx=\dimen319
\pgf@pathminy=\dimen320
\pgf@pathmaxy=\dimen321
\pgf@xx=\dimen322
\pgf@xy=\dimen323
\pgf@yx=\dimen324
\pgf@yy=\dimen325
\pgf@zx=\dimen326
\pgf@zy=\dimen327
) (C:\Users\User\AppData\Local\Programs\MiKTeX\tex/generic/pgf/basiclayer\pgfcorepathconstruct.code.tex
File: pgfcorepathconstruct.code.tex 2025-08-29 v3.1.11a (3.1.11a)
\pgf@path@lastx=\dimen328
\pgf@path@lasty=\dimen329
) (C:\Users\User\AppData\Local\Programs\MiKTeX\tex/generic/pgf/basiclayer\pgfcorepathusage.code.tex
File: pgfcorepathusage.code.tex 2025-08-29 v3.1.11a (3.1.11a)
\pgf@shorten@end@additional=\dimen330
\pgf@shorten@start@additional=\dimen331
) (C:\Users\User\AppData\Local\Programs\MiKTeX\tex/generic/pgf/basiclayer\pgfcorescopes.code.tex
File: pgfcorescopes.code.tex 2025-08-29 v3.1.11a (3.1.11a)
\pgfpic=\box96
\pgf@hbox=\box97
\pgf@layerbox@main=\box98
\pgf@picture@serial@count=\count363
) (C:\Users\User\AppData\Local\Programs\MiKTeX\tex/generic/pgf/basiclayer\pgfcoregraphicstate.code.tex
File: pgfcoregraphicstate.code.tex 2025-08-29 v3.1.11a (3.1.11a)
\pgflinewidth=\dimen332
) (C:\Users\User\AppData\Local\Programs\MiKTeX\tex/generic/pgf/basiclayer\pgfcoretransformations.code.tex
File: pgfcoretransformations.code.tex 2025-08-29 v3.1.11a (3.1.11a)
\pgf@pt@x=\dimen333
\pgf@pt@y=\dimen334
\pgf@pt@temp=\dimen335
) (C:\Users\User\AppData\Local\Programs\MiKTeX\tex/generic/pgf/basiclayer\pgfcorequick.code.tex
File: pgfcorequick.code.tex 2025-08-29 v3.1.11a (3.1.11a)
) (C:\Users\User\AppData\Local\Programs\MiKTeX\tex/generic/pgf/basiclayer\pgfcoreobjects.code.tex
File: pgfcoreobjects.code.tex 2025-08-29 v3.1.11a (3.1.11a)
) (C:\Users\User\AppData\Local\Programs\MiKTeX\tex/generic/pgf/basiclayer\pgfcorepathprocessing.code.tex
File: pgfcorepathprocessing.code.tex 2025-08-29 v3.1.11a (3.1.11a)
) (C:\Users\User\AppData\Local\Programs\MiKTeX\tex/generic/pgf/basiclayer\pgfcorearrows.code.tex
File: pgfcorearrows.code.tex 2025-08-29 v3.1.11a (3.1.11a)
\pgfarrowsep=\dimen336
) (C:\Users\User\AppData\Local\Programs\MiKTeX\tex/generic/pgf/basiclayer\pgfcoreshade.code.tex
File: pgfcoreshade.code.tex 2025-08-29 v3.1.11a (3.1.11a)
\pgf@max=\dimen337
\pgf@sys@shading@range@num=\count364
\pgf@shadingcount=\count365
) (C:\Users\User\AppData\Local\Programs\MiKTeX\tex/generic/pgf/basiclayer\pgfcoreimage.code.tex
File: pgfcoreimage.code.tex 2025-08-29 v3.1.11a (3.1.11a)
) (C:\Users\User\AppData\Local\Programs\MiKTeX\tex/generic/pgf/basiclayer\pgfcoreexternal.code.tex
File: pgfcoreexternal.code.tex 2025-08-29 v3.1.11a (3.1.11a)
\pgfexternal@startupbox=\box99
) (C:\Users\User\AppData\Local\Programs\MiKTeX\tex/generic/pgf/basiclayer\pgfcorelayers.code.tex
File: pgfcorelayers.code.tex 2025-08-29 v3.1.11a (3.1.11a)
) (C:\Users\User\AppData\Local\Programs\MiKTeX\tex/generic/pgf/basiclayer\pgfcoretransparency.code.tex
File: pgfcoretransparency.code.tex 2025-08-29 v3.1.11a (3.1.11a)
) (C:\Users\User\AppData\Local\Programs\MiKTeX\tex/generic/pgf/basiclayer\pgfcorepatterns.code.tex
File: pgfcorepatterns.code.tex 2025-08-29 v3.1.11a (3.1.11a)
) (C:\Users\User\AppData\Local\Programs\MiKTeX\tex/generic/pgf/basiclayer\pgfcorerdf.code.tex
File: pgfcorerdf.code.tex 2025-08-29 v3.1.11a (3.1.11a)
))) (C:\Users\User\AppData\Local\Programs\MiKTeX\tex/generic/pgf/modules\pgfmoduleshapes.code.tex
File: pgfmoduleshapes.code.tex 2025-08-29 v3.1.11a (3.1.11a)
\pgfnodeparttextbox=\box100
)
Package: nicematrix 2026/03/11 v7.8 Enhanced arrays with the help of PGF/TikZ
 (C:\Users\User\AppData\Local\Programs\MiKTeX\tex/latex/tools\array.sty
Rollback for package 'array' requested -> date 2025/06/08.
         Best approximation is the release introduced on 2024-06-01.
Package: array 2025/09/25 v2.6n Tabular extension package (FMi)
\col@sep=\dimen338
\ar@mcellbox=\box101
\extrarowheight=\dimen339
\NC@list=\toks40
\extratabsurround=\skip89
\backup@length=\skip90
\ar@cellbox=\box102
)
\l__nicematrix_tmpc_dim=\dimen340
\l__nicematrix_tmpd_dim=\dimen341
\l__nicematrix_tmpc_int=\count366
\g__nicematrix_env_int=\count367
\l__nicematrix_the_array_box=\box103
\g__nicematrix_NiceMatrixBlock_int=\count368
\g__nicematrix_notes_caption_int=\count369
\l__nicematrix_columns_width_dim=\dimen342
\l__nicematrix_col_width_dim=\dimen343
\g__nicematrix_row_total_int=\count370
\g__nicematrix_col_total_int=\count371
\g__nicematrix_last_row_node_int=\count372
\l__nicematrix_key_nb_rows_int=\count373
\g__nicematrix_blocks_wd_dim=\dimen344
\g__nicematrix_blocks_ht_dim=\dimen345
\g__nicematrix_blocks_dp_dim=\dimen346
\l__nicematrix_width_dim=\dimen347
\l__nicematrix_tabular_width_dim=\dimen348
\l__nicematrix_rule_width_before_dim=\dimen349
\l__nicematrix_rule_width_after_dim=\dimen350
\l__nicematrix_old_iRow_int=\count374
\l__nicematrix_old_jCol_int=\count375
\l__nicematrix_X_columns_dim=\dimen351
\l__nicematrix_x_initial_dim=\dimen352
\l__nicematrix_y_initial_dim=\dimen353
\l__nicematrix_x_final_dim=\dimen354
\l__nicematrix_y_final_dim=\dimen355
\g__nicematrix_dp_row_zero_dim=\dimen356
\g__nicematrix_ht_row_zero_dim=\dimen357
\g__nicematrix_ht_row_one_dim=\dimen358
\g__nicematrix_dp_ante_last_row_dim=\dimen359
\g__nicematrix_ht_last_row_dim=\dimen360
\g__nicematrix_dp_last_row_dim=\dimen361
\g__nicematrix_width_last_col_dim=\dimen362
\g__nicematrix_width_first_col_dim=\dimen363
\l__nicematrix_multiplicity_int=\count376
\g__nicematrix_ddots_int=\count377
\g__nicematrix_iddots_int=\count378
\g__nicematrix_delta_x_one_dim=\dimen364
\g__nicematrix_delta_y_one_dim=\dimen365
\g__nicematrix_delta_x_two_dim=\dimen366
\g__nicematrix_delta_y_two_dim=\dimen367
\l__nicematrix_row_min_int=\count379
\l__nicematrix_row_max_int=\count380
\l__nicematrix_col_min_int=\count381
\l__nicematrix_col_max_int=\count382
\l__nicematrix_initial_i_int=\count383
\l__nicematrix_initial_j_int=\count384
\l__nicematrix_final_i_int=\count385
\l__nicematrix_final_j_int=\count386
\l__nicematrix_segment_start_int=\count387
\l__nicematrix_segment_end_int=\count388
\g__nicematrix_static_num_of_col_int=\count389
\g__nicematrix_block_box_int=\count390
\l__nicematrix_first_row_int=\count391
\l__nicematrix_first_col_int=\count392
\l__nicematrix_last_row_int=\count393
\l__nicematrix_last_col_int=\count394
\c@tabularnote=\count395
\g__nicematrix_tabularnote_int=\count396
\c@nicematrix_draft=\count397
\l__nicematrix_xdots_inter_dim=\dimen368
\l__nicematrix_xdots_shorten_start_dim=\dimen369
\l__nicematrix_xdots_shorten_end_dim=\dimen370
\l__nicematrix_xdots_radius_dim=\dimen371
\l__nicematrix_brace_shift_dim=\dimen372
\l__nicematrix_trees_line_width_dim=\dimen373
\l__nicematrix_trees_rounded_corners_dim=\dimen374
\l__nicematrix_tab_rounded_corners_dim=\dimen375
\l__nicematrix_cell_space_top_limit_dim=\dimen376
\l__nicematrix_cell_space_bottom_limit_dim=\dimen377
\l__nicematrix_left_margin_dim=\dimen378
\l__nicematrix_right_margin_dim=\dimen379
\l__nicematrix_extra_left_margin_dim=\dimen380
\l__nicematrix_extra_right_margin_dim=\dimen381
\c__nicematrix_max_l_dim=\dimen382
\l__nicematrix_rounded_corners_dim=\dimen383
\l__nicematrix_position_int=\count398
\l__nicematrix_start_int=\count399
\l__nicematrix_end_int=\count400
\l__nicematrix_line_width_dim=\dimen384
\l__nicematrix_offset_dim=\dimen385
\l__nicematrix_submatrix_extra_height_dim=\dimen386
\l__nicematrix_submatrix_left_xshift_dim=\dimen387
\l__nicematrix_submatrix_right_xshift_dim=\dimen388
\l__nicematrix_brace_yshift_dim=\dimen389
) (C:\Users\User\AppData\Local\Programs\MiKTeX\tex/latex/fontspec\fontspec.sty
Package: fontspec 2025/09/29 v2.9g Font selection for XeLaTeX and LuaLaTeX
 (C:\Users\User\AppData\Local\Programs\MiKTeX\tex/latex/fontspec\fontspec-xetex.sty
Package: fontspec-xetex 2025/09/29 v2.9g Font selection for XeLaTeX and LuaLaTeX
\l__fontspec_script_int=\count401
\l__fontspec_language_int=\count402
\l__fontspec_strnum_int=\count403
\l__fontspec_tmp_int=\count404
\l__fontspec_tmpa_int=\count405
\l__fontspec_tmpb_int=\count406
\l__fontspec_tmpc_int=\count407
\l__fontspec_em_int=\count408
\l__fontspec_emdef_int=\count409
\l__fontspec_strong_int=\count410
\l__fontspec_strongdef_int=\count411
\l__fontspec_tmpa_dim=\dimen390
\l__fontspec_tmpb_dim=\dimen391
\l__fontspec_tmpc_dim=\dimen392
 (C:\Users\User\AppData\Local\Programs\MiKTeX\tex/latex/base\fontenc.sty
Package: fontenc 2025/07/18 v2.1d Standard LaTeX package
) (C:\Users\User\AppData\Local\Programs\MiKTeX\tex/latex/fontspec\fontspec.cfg))) (C:\Users\User\AppData\Local\Programs\MiKTeX\tex/latex/polyglossia\polyglossia.sty
Package: polyglossia 2025/12/01 v2.9 Modern multilingual typesetting with XeLaTeX and LuaLaTeX
\l_xpg_alias_keyvals_int=\count412
 (C:\Users\User\AppData\Local\Programs\MiKTeX\tex/latex/polyglossia\gloss-latex.ldf
File: gloss-latex.ldf polyglossia: module for default language
)) (C:\Users\User\AppData\Local\Programs\MiKTeX\tex/latex/polyglossia\gloss-russian.ldf
File: gloss-russian.ldf polyglossia: module for Russian
 (C:\Users\User\AppData\Local\Programs\MiKTeX\tex/latex/polyglossia\xpg-cyrillicnumbers.sty
Package: xpg-cyrillicnumbers 2019/11/15 v0.2 Formatting of Cyrillic alphabetic numbers
) (C:\Users\User\AppData\Local\Programs\MiKTeX\tex/latex/polyglossia\babelsh.def
File: babelsh.def 2022/06/21 Babel common definitions for shorthands
 Taken verbatim from babel files (2022/06/06 v3.76)
)
Package babel Info: Making " an active character on input line 120.
)

Package polyglossia Info: Default language is russian

 (C:\Users\User\AppData\Local\Programs\MiKTeX\tex/latex/polyglossia\gloss-english.ldf
File: gloss-english.ldf polyglossia: module for English
)

Package fontspec Info: 
(fontspec)             Font family 'TimesNewRoman(0)' created for font 'Times
(fontspec)             New Roman' with options
(fontspec)             [Ligatures=TeX,Mapping=tex-text,Ligatures=TeX].
(fontspec)              
(fontspec)              This font family consists of the following NFSS
(fontspec)             series/shapes:
(fontspec)              
(fontspec)             - 'normal' (m/n) with NFSS spec.: <->"Times New
(fontspec)             Roman/OT:script=latn;language=dflt;mapping=tex-text;"
(fontspec)             - 'small caps'  (m/sc) with NFSS spec.: <->"Times New
(fontspec)             Roman/OT:script=latn;language=dflt;+smcp;mapping=tex-text;"
(fontspec)             - 'bold' (b/n) with NFSS spec.: <->"Times New
(fontspec)             Roman/B/OT:script=latn;language=dflt;mapping=tex-text;"
(fontspec)             - 'bold small caps'  (b/sc) with NFSS spec.: <->"Times
(fontspec)             New
(fontspec)             Roman/B/OT:script=latn;language=dflt;+smcp;mapping=tex-text;"
(fontspec)             - 'italic' (m/it) with NFSS spec.: <->"Times New
(fontspec)             Roman/I/OT:script=latn;language=dflt;mapping=tex-text;"
(fontspec)             - 'italic small caps'  (m/scit) with NFSS spec.:
(fontspec)             <->"Times New
(fontspec)             Roman/I/OT:script=latn;language=dflt;+smcp;mapping=tex-text;"
(fontspec)             - 'bold italic' (b/it) with NFSS spec.: <->"Times New
(fontspec)             Roman/BI/OT:script=latn;language=dflt;mapping=tex-text;"
(fontspec)             - 'bold italic small caps'  (b/scit) with NFSS spec.:
(fontspec)             <->"Times New
(fontspec)             Roman/BI/OT:script=latn;language=dflt;+smcp;mapping=tex-text;"


Package fontspec Info: 
(fontspec)             Font family 'Arial(0)' created for font 'Arial' with
(fontspec)             options
(fontspec)             [Ligatures=TeX,Mapping=tex-text,Ligatures=TeX,Ligatures=TeX].
(fontspec)              
(fontspec)              This font family consists of the following NFSS
(fontspec)             series/shapes:
(fontspec)              
(fontspec)             - 'normal' (m/n) with NFSS spec.:
(fontspec)             <->"Arial/OT:script=latn;language=dflt;mapping=tex-text;"
(fontspec)             - 'small caps'  (m/sc) with NFSS spec.:
(fontspec)             <->"Arial/OT:script=latn;language=dflt;+smcp;mapping=tex-text;"
(fontspec)             - 'bold' (b/n) with NFSS spec.:
(fontspec)             <->"Arial/B/OT:script=latn;language=dflt;mapping=tex-text;"
(fontspec)             - 'bold small caps'  (b/sc) with NFSS spec.:
(fontspec)             <->"Arial/B/OT:script=latn;language=dflt;+smcp;mapping=tex-text;"
(fontspec)             - 'italic' (m/it) with NFSS spec.:
(fontspec)             <->"Arial/I/OT:script=latn;language=dflt;mapping=tex-text;"
(fontspec)             - 'italic small caps'  (m/scit) with NFSS spec.:
(fontspec)             <->"Arial/I/OT:script=latn;language=dflt;+smcp;mapping=tex-text;"
(fontspec)             - 'bold italic' (b/it) with NFSS spec.:
(fontspec)             <->"Arial/BI/OT:script=latn;language=dflt;mapping=tex-text;"
(fontspec)             - 'bold italic small caps'  (b/scit) with NFSS spec.:
(fontspec)             <->"Arial/BI/OT:script=latn;language=dflt;+smcp;mapping=tex-text;"


Package fontspec Info: 
(fontspec)             Font family 'TimesNewRoman(1)' created for font 'Times
(fontspec)             New Roman' with options
(fontspec)             [Ligatures=TeX,Mapping=tex-text,Script=Cyrillic].
(fontspec)              
(fontspec)              This font family consists of the following NFSS
(fontspec)             series/shapes:
(fontspec)              
(fontspec)             - 'normal' (m/n) with NFSS spec.: <->"Times New
(fontspec)             Roman/OT:script=cyrl;language=dflt;mapping=tex-text;"
(fontspec)             - 'small caps'  (m/sc) with NFSS spec.: <->"Times New
(fontspec)             Roman/OT:script=cyrl;language=dflt;+smcp;mapping=tex-text;"
(fontspec)             - 'bold' (b/n) with NFSS spec.: <->"Times New
(fontspec)             Roman/B/OT:script=cyrl;language=dflt;mapping=tex-text;"
(fontspec)             - 'bold small caps'  (b/sc) with NFSS spec.: <->"Times
(fontspec)             New
(fontspec)             Roman/B/OT:script=cyrl;language=dflt;+smcp;mapping=tex-text;"
(fontspec)             - 'italic' (m/it) with NFSS spec.: <->"Times New
(fontspec)             Roman/I/OT:script=cyrl;language=dflt;mapping=tex-text;"
(fontspec)             - 'italic small caps'  (m/scit) with NFSS spec.:
(fontspec)             <->"Times New
(fontspec)             Roman/I/OT:script=cyrl;language=dflt;+smcp;mapping=tex-text;"
(fontspec)             - 'bold italic' (b/it) with NFSS spec.: <->"Times New
(fontspec)             Roman/BI/OT:script=cyrl;language=dflt;mapping=tex-text;"
(fontspec)             - 'bold italic small caps'  (b/scit) with NFSS spec.:
(fontspec)             <->"Times New
(fontspec)             Roman/BI/OT:script=cyrl;language=dflt;+smcp;mapping=tex-text;"


Package fontspec Info: 
(fontspec)             Font family 'Arial(1)' created for font 'Arial' with
(fontspec)             options
(fontspec)             [Ligatures=TeX,Mapping=tex-text,Script=Cyrillic].
(fontspec)              
(fontspec)              This font family consists of the following NFSS
(fontspec)             series/shapes:
(fontspec)              
(fontspec)             - 'normal' (m/n) with NFSS spec.:
(fontspec)             <->"Arial/OT:script=cyrl;language=dflt;mapping=tex-text;"
(fontspec)             - 'small caps'  (m/sc) with NFSS spec.:
(fontspec)             <->"Arial/OT:script=cyrl;language=dflt;+smcp;mapping=tex-text;"
(fontspec)             - 'bold' (b/n) with NFSS spec.:
(fontspec)             <->"Arial/B/OT:script=cyrl;language=dflt;mapping=tex-text;"
(fontspec)             - 'bold small caps'  (b/sc) with NFSS spec.:
(fontspec)             <->"Arial/B/OT:script=cyrl;language=dflt;+smcp;mapping=tex-text;"
(fontspec)             - 'italic' (m/it) with NFSS spec.:
(fontspec)             <->"Arial/I/OT:script=cyrl;language=dflt;mapping=tex-text;"
(fontspec)             - 'italic small caps'  (m/scit) with NFSS spec.:
(fontspec)             <->"Arial/I/OT:script=cyrl;language=dflt;+smcp;mapping=tex-text;"
(fontspec)             - 'bold italic' (b/it) with NFSS spec.:
(fontspec)             <->"Arial/BI/OT:script=cyrl;language=dflt;mapping=tex-text;"
(fontspec)             - 'bold italic small caps'  (b/scit) with NFSS spec.:
(fontspec)             <->"Arial/BI/OT:script=cyrl;language=dflt;+smcp;mapping=tex-text;"


Package fontspec Info: 
(fontspec)             Script 'Cyrillic' not explicitly supported within font
(fontspec)             'Courier New'. Check the typeset output, and if it is
(fontspec)             okay then ignore this warning. Otherwise a different
(fontspec)             font should be chosen.


Package fontspec Info: 
(fontspec)             Font family 'CourierNew(0)' created for font 'Courier
(fontspec)             New' with options
(fontspec)             [Ligatures=TeX,Mapping=tex-text,Script=Cyrillic].
(fontspec)              
(fontspec)              This font family consists of the following NFSS
(fontspec)             series/shapes:
(fontspec)              
(fontspec)             - 'normal' (m/n) with NFSS spec.: <->"Courier
(fontspec)             New/OT:script=cyrl;language=dflt;mapping=tex-text;"
(fontspec)             - 'bold' (b/n) with NFSS spec.: <->"Courier
(fontspec)             New/B/OT:script=cyrl;language=dflt;mapping=tex-text;"
(fontspec)             - 'italic' (m/it) with NFSS spec.: <->"Courier
(fontspec)             New/I/OT:script=cyrl;language=dflt;mapping=tex-text;"
(fontspec)             - 'bold italic' (b/it) with NFSS spec.: <->"Courier
(fontspec)             New/BI/OT:script=cyrl;language=dflt;mapping=tex-text;"


Package fontspec Info: 
(fontspec)             Font family 'TimesNewRoman(2)' created for font 'Times
(fontspec)             New Roman' with options
(fontspec)             [Ligatures=TeX,Mapping=tex-text].
(fontspec)              
(fontspec)              This font family consists of the following NFSS
(fontspec)             series/shapes:
(fontspec)              
(fontspec)             - 'normal' (m/n) with NFSS spec.: <->"Times New
(fontspec)             Roman/OT:script=latn;language=dflt;mapping=tex-text;"
(fontspec)             - 'small caps'  (m/sc) with NFSS spec.: <->"Times New
(fontspec)             Roman/OT:script=latn;language=dflt;+smcp;mapping=tex-text;"
(fontspec)             - 'bold' (b/n) with NFSS spec.: <->"Times New
(fontspec)             Roman/B/OT:script=latn;language=dflt;mapping=tex-text;"
(fontspec)             - 'bold small caps'  (b/sc) with NFSS spec.: <->"Times
(fontspec)             New
(fontspec)             Roman/B/OT:script=latn;language=dflt;+smcp;mapping=tex-text;"
(fontspec)             - 'italic' (m/it) with NFSS spec.: <->"Times New
(fontspec)             Roman/I/OT:script=latn;language=dflt;mapping=tex-text;"
(fontspec)             - 'italic small caps'  (m/scit) with NFSS spec.:
(fontspec)             <->"Times New
(fontspec)             Roman/I/OT:script=latn;language=dflt;+smcp;mapping=tex-text;"
(fontspec)             - 'bold italic' (b/it) with NFSS spec.: <->"Times New
(fontspec)             Roman/BI/OT:script=latn;language=dflt;mapping=tex-text;"
(fontspec)             - 'bold italic small caps'  (b/scit) with NFSS spec.:
(fontspec)             <->"Times New
(fontspec)             Roman/BI/OT:script=latn;language=dflt;+smcp;mapping=tex-text;"


Package fontspec Info: 
(fontspec)             Font family 'Arial(2)' created for font 'Arial' with
(fontspec)             options [Ligatures=TeX,Mapping=tex-text].
(fontspec)              
(fontspec)              This font family consists of the following NFSS
(fontspec)             series/shapes:
(fontspec)              
(fontspec)             - 'normal' (m/n) with NFSS spec.:
(fontspec)             <->"Arial/OT:script=latn;language=dflt;mapping=tex-text;"
(fontspec)             - 'small caps'  (m/sc) with NFSS spec.:
(fontspec)             <->"Arial/OT:script=latn;language=dflt;+smcp;mapping=tex-text;"
(fontspec)             - 'bold' (b/n) with NFSS spec.:
(fontspec)             <->"Arial/B/OT:script=latn;language=dflt;mapping=tex-text;"
(fontspec)             - 'bold small caps'  (b/sc) with NFSS spec.:
(fontspec)             <->"Arial/B/OT:script=latn;language=dflt;+smcp;mapping=tex-text;"
(fontspec)             - 'italic' (m/it) with NFSS spec.:
(fontspec)             <->"Arial/I/OT:script=latn;language=dflt;mapping=tex-text;"
(fontspec)             - 'italic small caps'  (m/scit) with NFSS spec.:
(fontspec)             <->"Arial/I/OT:script=latn;language=dflt;+smcp;mapping=tex-text;"
(fontspec)             - 'bold italic' (b/it) with NFSS spec.:
(fontspec)             <->"Arial/BI/OT:script=latn;language=dflt;mapping=tex-text;"
(fontspec)             - 'bold italic small caps'  (b/scit) with NFSS spec.:
(fontspec)             <->"Arial/BI/OT:script=latn;language=dflt;+smcp;mapping=tex-text;"

 (C:\Users\User\AppData\Local\Programs\MiKTeX\tex/latex/xltxtra\xltxtra.sty
Package: xltxtra 2018/12/31 v0.7 Improvements for the "XeLaTeX" format
 (C:\Users\User\AppData\Local\Programs\MiKTeX\tex/generic/iftex\ifluatex.sty
Package: ifluatex 2019/10/25 v1.5 ifluatex legacy package. Use iftex instead.
) (C:\Users\User\AppData\Local\Programs\MiKTeX\tex/generic/iftex\ifxetex.sty
Package: ifxetex 2019/10/25 v0.7 ifxetex legacy package. Use iftex instead.
) (C:\Users\User\AppData\Local\Programs\MiKTeX\tex/latex/realscripts\realscripts.sty
Package: realscripts 2016/02/13 v0.3d Access OpenType subscripts and superscripts
\subsupersep=\dimen393
) (C:\Users\User\AppData\Local\Programs\MiKTeX\tex/latex/metalogo\metalogo.sty
Package: metalogo 2010/05/29 v0.12 Extended TeX logo macros
\xl@everylogo=\toks41
\xl@@everylogo=\toks42
LaTeX Info: Redefining \TeX on input line 193.
LaTeX Info: Redefining \LaTeX on input line 202.
LaTeX Info: Redefining \LaTeXe on input line 219.
)
\l__xetex_show_hyphens_wrapping_box=\box104
\l__xetex_show_hyphens_temp_box=\box105
\l__xetex_show_hyphens_final_box=\box106
\g__xetex_show_hyphens_word_box=\box107
)
\c@chaptercntr=\count413
\c@subchaptercntr=\count414
\c@formulacntr=\count415
\c@imagecntr=\count416
\c@litcntr=\count417
\c@tablecntr=\count418
\c@itemcntr=\count419
) (main.aux)
\openout1 = `main.aux'.

LaTeX Font Info:    Checking defaults for OML/cmm/m/it on input line 6.
LaTeX Font Info:    ... okay on input line 6.
LaTeX Font Info:    Checking defaults for OMS/cmsy/m/n on input line 6.
LaTeX Font Info:    ... okay on input line 6.
LaTeX Font Info:    Checking defaults for OT1/cmr/m/n on input line 6.
LaTeX Font Info:    ... okay on input line 6.
LaTeX Font Info:    Checking defaults for T1/cmr/m/n on input line 6.
LaTeX Font Info:    ... okay on input line 6.
LaTeX Font Info:    Checking defaults for TS1/cmr/m/n on input line 6.
LaTeX Font Info:    ... okay on input line 6.
LaTeX Font Info:    Checking defaults for TU/lmr/m/n on input line 6.
LaTeX Font Info:    ... okay on input line 6.
LaTeX Font Info:    Checking defaults for OMX/cmex/m/n on input line 6.
LaTeX Font Info:    ... okay on input line 6.
LaTeX Font Info:    Checking defaults for U/cmr/m/n on input line 6.
LaTeX Font Info:    ... okay on input line 6.

*geometry* driver: auto-detecting
*geometry* detected driver: xetex
*geometry* verbose mode - [ preamble ] result:
* driver: xetex
* paper: a4paper
* layout: <same size as paper>
* layoutoffset:(h,v)=(0.0pt,0.0pt)
* modes: 
* h-part:(L,W,R)=(71.13188pt, 241.84843pt, 284.52756pt)
* v-part:(T,H,B)=(28.45274pt, 745.46222pt, 71.13188pt)
* \paperwidth=597.50787pt
* \paperheight=845.04684pt
* \textwidth=495.07794pt
* \textheight=739.77165pt
* \oddsidemargin=-1.42262pt
* \evensidemargin=-1.1381pt
* \topmargin=-69.70915pt
* \headheight=12.0pt
* \headsep=25.0pt
* \topskip=10.0pt
* \footskip=30.0pt
* \marginparwidth=57.0pt
* \marginparsep=11.0pt
* \columnsep=10.0pt
* \skip\footins=9.0pt plus 4.0pt minus 2.0pt
* \hoffset=0.0pt
* \voffset=0.0pt
* \mag=1000
* \@twocolumnfalse
* \@twosidefalse
* \@mparswitchfalse
* \@reversemarginfalse
* (1in=72.27pt=25.4mm, 1cm=28.453pt)

Package caption Info: Begin \AtBeginDocument code.
Package caption Info: float package is loaded.
Package caption Info: rotating package is loaded.
Package caption Info: End \AtBeginDocument code.
\c__nicematrix_shift_Ldots_last_row_dim=\dimen394
\c__nicematrix_innersep_middle_dim=\dimen395
\c@tabularnotesi=\count420
\enitdp@tabularnotes=\count421
\c@tabularnotes*i=\count422
\enitdp@tabularnotes*=\count423

Package fontspec Info: 
(fontspec)             Adjusting the maths setup (use [no-math] to avoid
(fontspec)             this).

\symlegacymaths=\mathgroup6
LaTeX Font Info:    Overwriting symbol font `legacymaths' in version `bold'
(Font)                  OT1/cmr/m/n --> OT1/cmr/bx/n on input line 6.
LaTeX Font Info:    Redeclaring math accent \acute on input line 6.
LaTeX Font Info:    Redeclaring math accent \grave on input line 6.
LaTeX Font Info:    Redeclaring math accent \ddot on input line 6.
LaTeX Font Info:    Redeclaring math accent \tilde on input line 6.
LaTeX Font Info:    Redeclaring math accent \bar on input line 6.
LaTeX Font Info:    Redeclaring math accent \breve on input line 6.
LaTeX Font Info:    Redeclaring math accent \check on input line 6.
LaTeX Font Info:    Redeclaring math accent \hat on input line 6.
LaTeX Font Info:    Redeclaring math accent \dot on input line 6.
LaTeX Font Info:    Redeclaring math accent \mathring on input line 6.
LaTeX Font Info:    Redeclaring math symbol \Gamma on input line 6.
LaTeX Font Info:    Redeclaring math symbol \Delta on input line 6.
LaTeX Font Info:    Redeclaring math symbol \Theta on input line 6.
LaTeX Font Info:    Redeclaring math symbol \Lambda on input line 6.
LaTeX Font Info:    Redeclaring math symbol \Xi on input line 6.
LaTeX Font Info:    Redeclaring math symbol \Pi on input line 6.
LaTeX Font Info:    Redeclaring math symbol \Sigma on input line 6.
LaTeX Font Info:    Redeclaring math symbol \Upsilon on input line 6.
LaTeX Font Info:    Redeclaring math symbol \Phi on input line 6.
LaTeX Font Info:    Redeclaring math symbol \Psi on input line 6.
LaTeX Font Info:    Redeclaring math symbol \Omega on input line 6.
LaTeX Font Info:    Redeclaring math symbol \mathdollar on input line 6.
LaTeX Font Info:    Redeclaring symbol font `operators' on input line 6.
LaTeX Font Info:    Encoding `OT1' has changed to `TU' for symbol font
(Font)              `operators' in the math version `normal' on input line 6.
LaTeX Font Info:    Overwriting symbol font `operators' in version `normal'
(Font)                  OT1/cmr/m/n --> TU/TimesNewRoman(0)/m/n on input line 6.
LaTeX Font Info:    Encoding `OT1' has changed to `TU' for symbol font
(Font)              `operators' in the math version `bold' on input line 6.
LaTeX Font Info:    Overwriting symbol font `operators' in version `bold'
(Font)                  OT1/cmr/bx/n --> TU/TimesNewRoman(0)/m/n on input line 6.
LaTeX Font Info:    Overwriting symbol font `operators' in version `normal'
(Font)                  TU/TimesNewRoman(0)/m/n --> TU/TimesNewRoman(0)/m/n on input line 6.
LaTeX Font Info:    Overwriting math alphabet `\mathit' in version `normal'
(Font)                  OT1/cmr/m/it --> TU/TimesNewRoman(0)/m/it on input line 6.
LaTeX Font Info:    Overwriting math alphabet `\mathbf' in version `normal'
(Font)                  OT1/cmr/bx/n --> TU/TimesNewRoman(0)/b/n on input line 6.
LaTeX Font Info:    Overwriting math alphabet `\mathsf' in version `normal'
(Font)                  OT1/cmss/m/n --> TU/Arial(0)/m/n on input line 6.
LaTeX Font Info:    Overwriting math alphabet `\mathtt' in version `normal'
(Font)                  OT1/cmtt/m/n --> TU/lmtt/m/n on input line 6.
LaTeX Font Info:    Overwriting symbol font `operators' in version `bold'
(Font)                  TU/TimesNewRoman(0)/m/n --> TU/TimesNewRoman(0)/b/n on input line 6.
LaTeX Font Info:    Overwriting math alphabet `\mathit' in version `bold'
(Font)                  OT1/cmr/bx/it --> TU/TimesNewRoman(0)/b/it on input line 6.
LaTeX Font Info:    Overwriting math alphabet `\mathsf' in version `bold'
(Font)                  OT1/cmss/bx/n --> TU/Arial(0)/b/n on input line 6.
LaTeX Font Info:    Overwriting math alphabet `\mathtt' in version `bold'
(Font)                  OT1/cmtt/m/n --> TU/lmtt/b/n on input line 6.
LaTeX Font Info:    Trying to load font information for U+msa on input line 31.
(C:\Users\User\AppData\Local\Programs\MiKTeX\tex/latex/amsfonts\umsa.fd
File: umsa.fd 2013/01/14 v3.01 AMS symbols A
)
LaTeX Font Info:    Trying to load font information for U+msb on input line 31.
 (C:\Users\User\AppData\Local\Programs\MiKTeX\tex/latex/amsfonts\umsb.fd
File: umsb.fd 2013/01/14 v3.01 AMS symbols B
)
LaTeX Font Info:    Calculating math sizes for size <14> on input line 95.

Overfull \hbox (21.77344pt too wide) in paragraph at lines 95--98
[]  
 []


Overfull \hbox (21.77344pt too wide) in paragraph at lines 101--104
[][]  
 []


Overfull \hbox (21.77344pt too wide) in paragraph at lines 107--111
[][]  
 []


Overfull \hbox (21.77344pt too wide) in paragraph at lines 114--118
[][]  
 []


Overfull \hbox (21.77344pt too wide) in paragraph at lines 121--124
[][]  
 []


Overfull \hbox (21.77344pt too wide) in paragraph at lines 127--130
[][]  
 []


Overfull \hbox (21.77344pt too wide) in paragraph at lines 133--136
[][]  
 []

[1

] (chapters/summary.tex) (chapters/introduction.tex
Overfull \hbox (31.29527pt too wide) has occurred while \output is active
[] 
 []


Overfull \vbox (815.87848pt too high) has occurred while \output is active []


Overfull \hbox (498.41129pt too wide) has occurred while \output is active
 [] 
 []


Underfull \hbox (badness 10000) has occurred while \output is active
[] 
 []

[4]
Overfull \hbox (2.82973pt too wide) in paragraph at lines 23--34
[] \TU/TimesNewRoman(2)/m/n/13 Актуальность настоящей работы обусловлена необходимостью автоматизации кон-
 []

) (chapters/Chapter1.tex
Overfull \hbox (1.48192pt too wide) in paragraph at lines 62--2
[] \TU/TimesNewRoman(2)/m/n/13 Практическая значимость работы для компании «Санта Импэкс» определяется тре-
 []


Overfull \hbox (7.93486pt too wide) in paragraph at lines 62--2
\TU/TimesNewRoman(2)/m/n/13 мя ключевыми эффектами. Во-первых, автоматизация значительно сокращает время оформ-
 []


Overfull \hbox (31.29527pt too wide) has occurred while \output is active
[] 
 []


Overfull \vbox (815.87848pt too high) has occurred while \output is active []


Overfull \hbox (498.41129pt too wide) has occurred while \output is active
 [] 
 []


Underfull \hbox (badness 10000) has occurred while \output is active
[] 
 []

[5


]
Overfull \hbox (10.4025pt too wide) in paragraph at lines 30--31
[] \TU/TimesNewRoman(2)/m/n/13 Процесс контроля выкладки базируется на строгом соблюдении планограмм – утвер-
 []


Overfull \hbox (0.14098pt too wide) in paragraph at lines 32--33
\TU/TimesNewRoman(2)/m/n/13 позволяет перевести визуальный аудит в плоскость объективного цифрового анализа. При-
 []

File: images/santa_impex_assortment.png Graphic file (type bmp)
<images/santa_impex_assortment.png>

Overfull \hbox (31.29527pt too wide) has occurred while \output is active
[] 
 []


Overfull \vbox (815.87848pt too high) has occurred while \output is active []


Overfull \hbox (498.41129pt too wide) has occurred while \output is active
 [] 
 []


Underfull \hbox (badness 10000) has occurred while \output is active
[] 
 []

[6


]
Overfull \hbox (31.29527pt too wide) has occurred while \output is active
[] 
 []


Overfull \vbox (815.87848pt too high) has occurred while \output is active []


Overfull \hbox (498.41129pt too wide) has occurred while \output is active
 [] 
 []


Underfull \hbox (badness 10000) has occurred while \output is active
[] 
 []

[7]
LaTeX Font Info:    Calculating math sizes for size <13> on input line 81.


LaTeX Font Warning: Font shape `OML/cmm/m/it' in size <13> not available
(Font)              size <12> substituted on input line 81.


LaTeX Font Warning: Font shape `OML/cmm/m/it' in size <6.5> not available
(Font)              size <6> substituted on input line 81.


LaTeX Font Warning: Font shape `OMS/cmsy/m/n' in size <13> not available
(Font)              size <12> substituted on input line 81.


LaTeX Font Warning: Font shape `OMS/cmsy/m/n' in size <6.5> not available
(Font)              size <6> substituted on input line 81.


LaTeX Font Warning: Font shape `OT1/cmr/m/n' in size <13> not available
(Font)              size <12> substituted on input line 81.


LaTeX Font Warning: Font shape `OT1/cmr/m/n' in size <6.5> not available
(Font)              size <6> substituted on input line 81.


Overfull \hbox (8.53294pt too wide) in paragraph at lines 86--86
[]|\TU/TimesNewRoman(0)/m/n/13 где| 
 []


Overfull \hbox (6.12476pt too wide) in paragraph at lines 85--91
[][]
 []


Overfull \hbox (8.53294pt too wide) in paragraph at lines 102--102
[]|\TU/TimesNewRoman(0)/m/n/13 где| 
 []


Overfull \hbox (6.12476pt too wide) in paragraph at lines 101--107
[][]
 []


Overfull \hbox (5.32585pt too wide) in paragraph at lines 108--112
\TU/TimesNewRoman(0)/m/n/13 дайзинга продукции «Санта Импэкс», количественные показатели качества выкладки (SOS,
 []


Overfull \hbox (31.29527pt too wide) has occurred while \output is active
[] 
 []


Overfull \vbox (815.87848pt too high) has occurred while \output is active []


Overfull \hbox (498.41129pt too wide) has occurred while \output is active
 [] 
 []


Underfull \hbox (badness 10000) has occurred while \output is active
[] 
 []

[8]
File: images/merchandising_process_current.png Graphic file (type bmp)
<images/merchandising_process_current.png>

Overfull \hbox (8.53294pt too wide) in paragraph at lines 167--167
[]|\TU/TimesNewRoman(0)/m/n/13 где| 
 []


Overfull \hbox (6.12476pt too wide) in paragraph at lines 166--172
[][]
 []


Overfull \hbox (31.29527pt too wide) has occurred while \output is active
[] 
 []


Overfull \vbox (815.87848pt too high) has occurred while \output is active []


Overfull \hbox (498.41129pt too wide) has occurred while \output is active
 [] 
 []


Underfull \hbox (badness 10000) has occurred while \output is active
[] 
 []

[9]
File: images/merchandising_process_automated.png Graphic file (type bmp)
<images/merchandising_process_automated.png>

Overfull \hbox (31.29527pt too wide) has occurred while \output is active
[] 
 []


Overfull \vbox (815.87848pt too high) has occurred while \output is active []


Overfull \hbox (498.41129pt too wide) has occurred while \output is active
 [] 
 []


Underfull \hbox (badness 10000) has occurred while \output is active
[] 
 []

[10]
Overfull \hbox (8.53294pt too wide) in paragraph at lines 245--245
[]|\TU/TimesNewRoman(0)/m/n/13 где| 
 []


Overfull \hbox (6.12476pt too wide) in paragraph at lines 244--250
[][]
 []


Overfull \hbox (8.53294pt too wide) in paragraph at lines 262--262
[]|\TU/TimesNewRoman(0)/m/n/13 где| 
 []


Overfull \hbox (6.12476pt too wide) in paragraph at lines 261--268
[][]
 []

File: images/nn_black_box.png Graphic file (type bmp)
<images/nn_black_box.png>

Overfull \hbox (31.29527pt too wide) has occurred while \output is active
[] 
 []


Overfull \vbox (815.87848pt too high) has occurred while \output is active []


Overfull \hbox (498.41129pt too wide) has occurred while \output is active
 [] 
 []


Underfull \hbox (badness 10000) has occurred while \output is active
[] 
 []

[11]
File: images/nn_white_box.png Graphic file (type bmp)
<images/nn_white_box.png>

Overfull \hbox (6.91489pt too wide) in paragraph at lines 281--289
\TU/TimesNewRoman(0)/m/n/13 Входной слой принимает изображение, скрытые слои извлекают признаки различного уров-
 []


Overfull \hbox (8.53294pt too wide) in paragraph at lines 301--301
[]|\TU/TimesNewRoman(0)/m/n/13 где| 
 []


Overfull \hbox (6.12476pt too wide) in paragraph at lines 300--307
[][]
 []


Overfull \hbox (31.29527pt too wide) has occurred while \output is active
[] 
 []


Overfull \vbox (815.87848pt too high) has occurred while \output is active []


Overfull \hbox (498.41129pt too wide) has occurred while \output is active
 [] 
 []


Underfull \hbox (badness 10000) has occurred while \output is active
[] 
 []

[12]
Overfull \hbox (8.53294pt too wide) in paragraph at lines 317--317
[]|\TU/TimesNewRoman(0)/m/n/13 где| 
 []


Overfull \hbox (6.12476pt too wide) in paragraph at lines 316--321
[][]
 []

File: images/Neuron.png Graphic file (type bmp)
<images/Neuron.png>

Overfull \hbox (8.53294pt too wide) in paragraph at lines 347--347
[]|\TU/TimesNewRoman(0)/m/n/13 где| 
 []


Overfull \hbox (6.12476pt too wide) in paragraph at lines 346--352
[][]
 []


Overfull \hbox (8.53294pt too wide) in paragraph at lines 364--364
[]|\TU/TimesNewRoman(0)/m/n/13 где| 
 []


Overfull \hbox (6.12476pt too wide) in paragraph at lines 363--368
[][]
 []


Overfull \hbox (31.29527pt too wide) has occurred while \output is active
[] 
 []


Overfull \vbox (815.87848pt too high) has occurred while \output is active []


Overfull \hbox (498.41129pt too wide) has occurred while \output is active
 [] 
 []


Underfull \hbox (badness 10000) has occurred while \output is active
[] 
 []

[13]
Overfull \hbox (8.53294pt too wide) in paragraph at lines 380--380
[]|\TU/TimesNewRoman(0)/m/n/13 где| 
 []


Overfull \hbox (6.12476pt too wide) in paragraph at lines 379--386
[][]
 []


Overfull \hbox (8.53294pt too wide) in paragraph at lines 396--396
[]|\TU/TimesNewRoman(0)/m/n/13 где| 
 []


Overfull \hbox (6.12476pt too wide) in paragraph at lines 395--401
[][]
 []

File: images/yolo_pipeline.png Graphic file (type bmp)
<images/yolo_pipeline.png>

Overfull \hbox (31.29527pt too wide) has occurred while \output is active
[] 
 []


Overfull \vbox (815.87848pt too high) has occurred while \output is active []


Overfull \hbox (498.41129pt too wide) has occurred while \output is active
 [] 
 []


Underfull \hbox (badness 10000) has occurred while \output is active
[] 
 []

[14]
File: images/retail_vision_architecture.png Graphic file (type bmp)
<images/retail_vision_architecture.png>

Overfull \hbox (31.29527pt too wide) has occurred while \output is active
[] 
 []


Overfull \vbox (815.87848pt too high) has occurred while \output is active []


Overfull \hbox (498.41129pt too wide) has occurred while \output is active
 [] 
 []


Underfull \hbox (badness 10000) has occurred while \output is active
[] 
 []

[15]
Overfull \hbox (3.32484pt too wide) in paragraph at lines 509--515
[] \TU/TimesNewRoman(0)/m/n/13 Разрабатываемая система должна обеспечивать возможность масштабирования как
 []


Overfull \hbox (3.17291pt too wide) in paragraph at lines 523--530
\TU/TimesNewRoman(0)/m/n/13 пользование технологий компьютерного зрения и искусственного интеллекта создаёт пред-
 []

) (chapters/Chapter2.tex
Overfull \hbox (31.29527pt too wide) has occurred while \output is active
[] 
 []


Overfull \vbox (815.87848pt too high) has occurred while \output is active []


Overfull \hbox (498.41129pt too wide) has occurred while \output is active
 [] 
 []


Underfull \hbox (badness 10000) has occurred while \output is active
[] 
 []

[16]
Underfull \hbox (badness 5189) in paragraph at lines 41--43
 []\TU/TimesNewRoman(0)/m/n/13 Таблица 2.1 – Сравнительный анализ существующих решений 
 []


Overfull \hbox (31.29527pt too wide) has occurred while \output is active
[] 
 []


Overfull \vbox (815.87848pt too high) has occurred while \output is active []


Overfull \hbox (498.41129pt too wide) has occurred while \output is active
 [] 
 []


Underfull \hbox (badness 10000) has occurred while \output is active
[] 
 []

[17


]
File: images/yolov8_architecture.png Graphic file (type bmp)
<images/yolov8_architecture.png>

Overfull \hbox (8.53294pt too wide) in paragraph at lines 104--104
[]|\TU/TimesNewRoman(0)/m/n/13 где| 
 []


Overfull \hbox (6.12476pt too wide) in paragraph at lines 103--110
[][]
 []


Overfull \hbox (8.53294pt too wide) in paragraph at lines 120--120
[]|\TU/TimesNewRoman(0)/m/n/13 где| 
 []


Overfull \hbox (6.12476pt too wide) in paragraph at lines 119--124
[][]
 []


Overfull \hbox (31.29527pt too wide) has occurred while \output is active
[] 
 []


Overfull \vbox (815.87848pt too high) has occurred while \output is active []


Overfull \hbox (498.41129pt too wide) has occurred while \output is active
 [] 
 []


Underfull \hbox (badness 10000) has occurred while \output is active
[] 
 []

[18]
Overfull \hbox (4.79585pt too wide) in paragraph at lines 132--133
\TU/TimesNewRoman(0)/m/n/13 лизируется моделью YOLOv8, сравнивается с планограммой, а затем аннотированное изоб-
 []


Overfull \hbox (8.53294pt too wide) in paragraph at lines 140--140
[]|\TU/TimesNewRoman(0)/m/n/13 где| 
 []


Overfull \hbox (6.12476pt too wide) in paragraph at lines 139--147
[][]
 []

File: images/bot_architecture.png Graphic file (type bmp)
<images/bot_architecture.png>

Overfull \hbox (31.29527pt too wide) has occurred while \output is active
[] 
 []


Overfull \vbox (815.87848pt too high) has occurred while \output is active []


Overfull \hbox (498.41129pt too wide) has occurred while \output is active
 [] 
 []


Underfull \hbox (badness 10000) has occurred while \output is active
[] 
 []

[19]
File: images/audit_report_bot.png Graphic file (type bmp)
<images/audit_report_bot.png>

Overfull \hbox (31.29527pt too wide) has occurred while \output is active
[] 
 []


Overfull \vbox (815.87848pt too high) has occurred while \output is active []


Overfull \hbox (498.41129pt too wide) has occurred while \output is active
 [] 
 []


Underfull \hbox (badness 10000) has occurred while \output is active
[] 
 []

[20]) (chapters/Chapter3.tex
Overfull \hbox (31.29527pt too wide) has occurred while \output is active
[] 
 []


Overfull \vbox (815.87848pt too high) has occurred while \output is active []


Overfull \hbox (498.41129pt too wide) has occurred while \output is active
 [] 
 []


Underfull \hbox (badness 10000) has occurred while \output is active
[] 
 []

[21]
Underfull \hbox (badness 10000) in paragraph at lines 29--30
 []\TU/TimesNewRoman(0)/m/n/13 Таблица 3.1 – Классы датасета продукции Санта Импэкс 
 []


Overfull \hbox (31.29527pt too wide) has occurred while \output is active
[] 
 []


Overfull \vbox (815.87848pt too high) has occurred while \output is active []


Overfull \hbox (498.41129pt too wide) has occurred while \output is active
 [] 
 []


Underfull \hbox (badness 10000) has occurred while \output is active
[] 
 []

[22

]
File: images/dataset_raw_samples.png Graphic file (type bmp)
<images/dataset_raw_samples.png>

Overfull \hbox (31.29527pt too wide) has occurred while \output is active
[] 
 []


Overfull \vbox (815.87848pt too high) has occurred while \output is active []


Overfull \hbox (498.41129pt too wide) has occurred while \output is active
 [] 
 []


Underfull \hbox (badness 10000) has occurred while \output is active
[] 
 []

[23]
Overfull \hbox (31.29527pt too wide) has occurred while \output is active
[] 
 []


Overfull \vbox (815.87848pt too high) has occurred while \output is active []


Overfull \hbox (500.07794pt too wide) has occurred while \output is active
 [] 
 []


Underfull \hbox (badness 10000) has occurred while \output is active
[] 
 []

[24]
Underfull \hbox (badness 10000) in paragraph at lines 108--109
 []\TU/CourierNew(0)/m/n/13 <class_id> <x_c> <y_c> <w> <h> 
 []


Overfull \hbox (8.53294pt too wide) in paragraph at lines 113--113
[]|\TU/TimesNewRoman(0)/m/n/13 где| 
 []


Overfull \hbox (6.12476pt too wide) in paragraph at lines 112--118
[][]
 []


Overfull \hbox (8.53294pt too wide) in paragraph at lines 127--127
[]|\TU/TimesNewRoman(0)/m/n/13 где| 
 []


Overfull \hbox (6.12476pt too wide) in paragraph at lines 126--132
[][]
 []

File: images/dataset_annotation_example.png Graphic file (type bmp)
<images/dataset_annotation_example.png>

Overfull \hbox (31.29527pt too wide) has occurred while \output is active
[] 
 []


Overfull \vbox (815.87848pt too high) has occurred while \output is active []


Overfull \hbox (498.41129pt too wide) has occurred while \output is active
 [] 
 []


Underfull \hbox (badness 10000) has occurred while \output is active
[] 
 []

[25]
Overfull \hbox (4.20331pt too wide) in paragraph at lines 148--149
 []\TU/CourierNew(0)/m/n/13 dataset/images/train/, dataset/images/val/, dataset/images/test/ 
 []


Overfull \hbox (4.20331pt too wide) in paragraph at lines 150--151
 []\TU/CourierNew(0)/m/n/13 dataset/labels/train/, dataset/labels/val/, dataset/labels/test/ 
 []

File: images/shelf_class_imbalance_visual.png Graphic file (type bmp)
<images/shelf_class_imbalance_visual.png>

Overfull \hbox (2.19075pt too wide) in paragraph at lines 172--174
[] \TU/TimesNewRoman(0)/m/n/13 Учет данной специфики на этапе подготовки данных критически важен для предот-
 []

File: images/dataset_class_distribution.png Graphic file (type bmp)
<images/dataset_class_distribution.png>

Overfull \hbox (31.29527pt too wide) has occurred while \output is active
[] 
 []


Overfull \vbox (815.87848pt too high) has occurred while \output is active []


Overfull \hbox (498.41129pt too wide) has occurred while \output is active
 [] 
 []


Underfull \hbox (badness 10000) has occurred while \output is active
[] 
 []

[26]
Overfull \hbox (31.29527pt too wide) has occurred while \output is active
[] 
 []


Overfull \vbox (815.87848pt too high) has occurred while \output is active []


Overfull \hbox (498.41129pt too wide) has occurred while \output is active
 [] 
 []


Underfull \hbox (badness 10000) has occurred while \output is active
[] 
 []

[27]
Overfull \hbox (8.53294pt too wide) in paragraph at lines 214--214
[]|\TU/TimesNewRoman(0)/m/n/13 где| 
 []


Overfull \hbox (6.12476pt too wide) in paragraph at lines 213--218
[][]
 []


Overfull \hbox (8.53294pt too wide) in paragraph at lines 227--227
[]|\TU/TimesNewRoman(0)/m/n/13 где| 
 []


Overfull \hbox (6.12476pt too wide) in paragraph at lines 226--231
[][]
 []


Overfull \hbox (0.76674pt too wide) in paragraph at lines 236--237
[] \TU/TimesNewRoman(0)/m/n/13 Горизонтальное отражение – симметричное отражение изображения относительно
 []


Overfull \hbox (31.29527pt too wide) has occurred while \output is active
[] 
 []


Overfull \vbox (815.87848pt too high) has occurred while \output is active []


Overfull \hbox (498.41129pt too wide) has occurred while \output is active
 [] 
 []


Underfull \hbox (badness 10000) has occurred while \output is active
[] 
 []

[28]
Overfull \hbox (8.53294pt too wide) in paragraph at lines 253--253
[]|\TU/TimesNewRoman(0)/m/n/13 где| 
 []


Overfull \hbox (6.12476pt too wide) in paragraph at lines 252--257
[][]
 []

File: images/augmentation_mosaic_example.png Graphic file (type bmp)
<images/augmentation_mosaic_example.png>

Overfull \hbox (2.71336pt too wide) in paragraph at lines 258--265
[] \TU/TimesNewRoman(0)/m/n/13 Случайное масштабирование и кадрирование (Scale and Crop) дополнительно обес-
 []

) (chapters/chapter4.tex
Overfull \hbox (31.29527pt too wide) has occurred while \output is active
[] 
 []


Overfull \vbox (815.87848pt too high) has occurred while \output is active []


Overfull \hbox (498.41129pt too wide) has occurred while \output is active
 [] 
 []


Underfull \hbox (badness 10000) has occurred while \output is active
[] 
 []

[29]
File: images/yolov8_architecture.png Graphic file (type bmp)
<images/yolov8_architecture.png>

Overfull \hbox (31.29527pt too wide) has occurred while \output is active
[] 
 []


Overfull \vbox (815.87848pt too high) has occurred while \output is active []


Overfull \hbox (498.41129pt too wide) has occurred while \output is active
 [] 
 []


Underfull \hbox (badness 10000) has occurred while \output is active
[] 
 []

[30

]
Overfull \hbox (31.29527pt too wide) has occurred while \output is active
[] 
 []


Overfull \vbox (815.87848pt too high) has occurred while \output is active []


Overfull \hbox (498.41129pt too wide) has occurred while \output is active
 [] 
 []


Underfull \hbox (badness 10000) has occurred while \output is active
[] 
 []

[31]
Overfull \hbox (8.53294pt too wide) in paragraph at lines 93--93
[]|\TU/TimesNewRoman(0)/m/n/13 где| 
 []


Overfull \hbox (6.12476pt too wide) in paragraph at lines 92--99
[][]
 []


Overfull \hbox (8.53294pt too wide) in paragraph at lines 108--108
[]|\TU/TimesNewRoman(0)/m/n/13 где| 
 []


Overfull \hbox (6.12476pt too wide) in paragraph at lines 107--114
[][]
 []


Overfull \hbox (8.53294pt too wide) in paragraph at lines 123--123
[]|\TU/TimesNewRoman(0)/m/n/13 где| 
 []


Overfull \hbox (6.12476pt too wide) in paragraph at lines 122--128
[][]
 []


Overfull \hbox (31.29527pt too wide) has occurred while \output is active
[] 
 []


Overfull \vbox (815.87848pt too high) has occurred while \output is active []


Overfull \hbox (498.41129pt too wide) has occurred while \output is active
 [] 
 []


Underfull \hbox (badness 10000) has occurred while \output is active
[] 
 []

[32]
Overfull \hbox (8.53294pt too wide) in paragraph at lines 137--137
[]|\TU/TimesNewRoman(0)/m/n/13 где| 
 []


Overfull \hbox (6.12476pt too wide) in paragraph at lines 136--142
[][]
 []

File: images/training_curves.png Graphic file (type bmp)
<images/training_curves.png>

Overfull \hbox (31.29527pt too wide) has occurred while \output is active
[] 
 []


Overfull \vbox (815.87848pt too high) has occurred while \output is active []


Overfull \hbox (498.41129pt too wide) has occurred while \output is active
 [] 
 []


Underfull \hbox (badness 10000) has occurred while \output is active
[] 
 []

[33]
File: images/app_dataflow_diagram.png Graphic file (type bmp)
<images/app_dataflow_diagram.png>

Overfull \hbox (31.29527pt too wide) has occurred while \output is active
[] 
 []


Overfull \vbox (815.87848pt too high) has occurred while \output is active []


Overfull \hbox (498.41129pt too wide) has occurred while \output is active
 [] 
 []


Underfull \hbox (badness 10000) has occurred while \output is active
[] 
 []

[34]
Overfull \hbox (31.29527pt too wide) has occurred while \output is active
[] 
 []


Overfull \vbox (815.87848pt too high) has occurred while \output is active []


Overfull \hbox (498.41129pt too wide) has occurred while \output is active
 [] 
 []


Underfull \hbox (badness 10000) has occurred while \output is active
[] 
 []

[35]
File: images/app_detection_screen.png Graphic file (type bmp)
<images/app_detection_screen.png>

Overfull \hbox (1.96754pt too wide) in paragraph at lines 255--256
[] \TU/TimesNewRoman(0)/m/n/13 Тестирование и оценка модели YOLOv8n выполняются на тестовой выборке, сфор-
 []


Overfull \hbox (31.29527pt too wide) has occurred while \output is active
[] 
 []


Overfull \vbox (815.87848pt too high) has occurred while \output is active []


Overfull \hbox (498.41129pt too wide) has occurred while \output is active
 [] 
 []


Underfull \hbox (badness 10000) has occurred while \output is active
[] 
 []

[36]
Overfull \hbox (8.53294pt too wide) in paragraph at lines 265--265
[]|\TU/TimesNewRoman(0)/m/n/13 где| 
 []


Overfull \hbox (6.12476pt too wide) in paragraph at lines 264--269
[][]
 []


Overfull \hbox (8.53294pt too wide) in paragraph at lines 283--283
[]|\TU/TimesNewRoman(0)/m/n/13 где| 
 []


Overfull \hbox (6.12476pt too wide) in paragraph at lines 282--288
[][]
 []


Overfull \hbox (8.53294pt too wide) in paragraph at lines 304--304
[]|\TU/TimesNewRoman(0)/m/n/13 где| 
 []


Overfull \hbox (6.12476pt too wide) in paragraph at lines 303--309
[][]
 []


Overfull \hbox (1.57397pt too wide) in paragraph at lines 310--311
[] \TU/TimesNewRoman(0)/m/n/13 Целевое суммарное время инференса, обеспечивающее плавный пользовательский
 []


Overfull \hbox (31.29527pt too wide) has occurred while \output is active
[] 
 []


Overfull \vbox (815.87848pt too high) has occurred while \output is active []


Overfull \hbox (498.41129pt too wide) has occurred while \output is active
 [] 
 []


Underfull \hbox (badness 10000) has occurred while \output is active
[] 
 []

[37]
File: images/confusion_matrix.png Graphic file (type bmp)
<images/confusion_matrix.png>
File: images/pr_curve.png Graphic file (type bmp)
<images/pr_curve.png>

Overfull \hbox (31.29527pt too wide) has occurred while \output is active
[] 
 []


Overfull \vbox (815.87848pt too high) has occurred while \output is active []


Overfull \hbox (498.41129pt too wide) has occurred while \output is active
 [] 
 []


Underfull \hbox (badness 10000) has occurred while \output is active
[] 
 []

[38]
File: images/detection_result_example.png Graphic file (type bmp)
<images/detection_result_example.png>

Overfull \hbox (0.27748pt too wide) in paragraph at lines 346--347
\TU/TimesNewRoman(0)/m/n/13 сов. Наличие уверенных предсказаний для различных линеек продукции, таких как «ТОП»
 []

) (chapters/chapter5.tex
Overfull \hbox (31.29527pt too wide) has occurred while \output is active
[] 
 []


Overfull \vbox (815.87848pt too high) has occurred while \output is active []


Overfull \hbox (498.41129pt too wide) has occurred while \output is active
 [] 
 []


Underfull \hbox (badness 10000) has occurred while \output is active
[] 
 []

[39]
File: images/bot_architecture.png Graphic file (type bmp)
<images/bot_architecture.png>

Overfull \hbox (31.29527pt too wide) has occurred while \output is active
[] 
 []


Overfull \vbox (815.87848pt too high) has occurred while \output is active []


Overfull \hbox (498.41129pt too wide) has occurred while \output is active
 [] 
 []


Underfull \hbox (badness 10000) has occurred while \output is active
[] 
 []

[40


]
File: images/deployment_tree.png Graphic file (type bmp)
<images/deployment_tree.png>

Overfull \hbox (31.29527pt too wide) has occurred while \output is active
[] 
 []


Overfull \vbox (815.87848pt too high) has occurred while \output is active []


Overfull \hbox (498.41129pt too wide) has occurred while \output is active
 [] 
 []


Underfull \hbox (badness 10000) has occurred while \output is active
[] 
 []

[41]
Overfull \hbox (2.36212pt too wide) in paragraph at lines 79--80
[] \TU/TimesNewRoman(0)/m/n/13 Конвертация выполняется стандартными средствами библиотеки Ultralytics по сле-
 []


Overfull \hbox (5.58777pt too wide) in paragraph at lines 89--91
[] \TU/TimesNewRoman(0)/m/n/13 Для дополнительного ускорения инференса на сервере применяется ONNX Runtime
 []


Underfull \hbox (badness 4416) in paragraph at lines 97--98
 []\TU/TimesNewRoman(0)/m/n/13 Таблица 5.1 – Сравнение производительности форматов модели 
 []


Underfull \hbox (badness 1675) in paragraph at lines 100--106
 [][] 
 []


Overfull \hbox (3.50682pt too wide) in paragraph at lines 110--113
[] \TU/TimesNewRoman(0)/m/n/13 Дополнительно была исследована возможность квантизации модели в формат INT8
 []


Overfull \hbox (31.29527pt too wide) has occurred while \output is active
[] 
 []


Overfull \vbox (815.87848pt too high) has occurred while \output is active []


Overfull \hbox (498.41129pt too wide) has occurred while \output is active
 [] 
 []


Underfull \hbox (badness 10000) has occurred while \output is active
[] 
 []

[42]
File: images/inference_speed_batch.png Graphic file (type bmp)
<images/inference_speed_batch.png>

Overfull \hbox (1.84958pt too wide) in paragraph at lines 134--136
\TU/TimesNewRoman(0)/m/n/13 автоматом состояний (FSM, Finite State Machine), реализованным средствами aiogram. Диа-
 []


Overfull \hbox (31.29527pt too wide) has occurred while \output is active
[] 
 []


Overfull \vbox (815.87848pt too high) has occurred while \output is active []


Overfull \hbox (498.41129pt too wide) has occurred while \output is active
 [] 
 []


Underfull \hbox (badness 10000) has occurred while \output is active
[] 
 []

[43]
Overfull \hbox (7.22073pt too wide) in paragraph at lines 167--170
\TU/TimesNewRoman(0)/m/n/13 принимающим соединения на порту 443. Nginx выступает в роли обратного прокси-сервера,
 []


Overfull \hbox (3.34866pt too wide) in paragraph at lines 197--203
\TU/TimesNewRoman(0)/m/n/13 рации фиксируются в локальной базе данных SQLite. Система сохраняет уникальный иден-
 []


Overfull \hbox (31.29527pt too wide) has occurred while \output is active
[] 
 []


Overfull \vbox (815.87848pt too high) has occurred while \output is active []


Overfull \hbox (498.41129pt too wide) has occurred while \output is active
 [] 
 []


Underfull \hbox (badness 10000) has occurred while \output is active
[] 
 []

[44]
File: images/webhook_flow.png Graphic file (type bmp)
<images/webhook_flow.png>

Overfull \hbox (31.29527pt too wide) has occurred while \output is active
[] 
 []


Overfull \vbox (815.87848pt too high) has occurred while \output is active []


Overfull \hbox (498.41129pt too wide) has occurred while \output is active
 [] 
 []


Underfull \hbox (badness 10000) has occurred while \output is active
[] 
 []

[45]
Overfull \hbox (8.53294pt too wide) in paragraph at lines 244--244
[]|\TU/TimesNewRoman(0)/m/n/13 где| 
 []


Overfull \hbox (6.12476pt too wide) in paragraph at lines 243--248
[][]
 []


Overfull \hbox (31.29527pt too wide) has occurred while \output is active
[] 
 []


Overfull \vbox (815.87848pt too high) has occurred while \output is active []


Overfull \hbox (498.41129pt too wide) has occurred while \output is active
 [] 
 []


Underfull \hbox (badness 10000) has occurred while \output is active
[] 
 []

[46]
Overfull \hbox (8.10886pt too wide) in paragraph at lines 300--301
[] \TU/TimesNewRoman(0)/m/n/13 Технические характеристики минимально необходимой конфигурации VPS-сервера
 []


Underfull \hbox (badness 3701) in paragraph at lines 304--305
 []\TU/TimesNewRoman(0)/m/n/13 Таблица 5.2 – Минимальные требования к конфигурации сервера 
 []


Underfull \hbox (badness 4726) in paragraph at lines 307--316
 [][] 
 []


Overfull \hbox (0.27292pt too wide) in paragraph at lines 332--334
[]\TU/TimesNewRoman(0)/m/n/13 сборка Docker-образов и запуск всех контейнеров командой \TU/CourierNew(0)/m/n/13 docker compose
 []


Overfull \hbox (1.64716pt too wide) in paragraph at lines 335--337
[]\TU/TimesNewRoman(0)/m/n/13 верификация регистрации webhook через Telegram Bot API \TU/CourierNew(0)/m/n/13 getWebhookInfo\TU/TimesNewRoman(0)/m/n/13 .
 []


Underfull \hbox (badness 10000) in paragraph at lines 335--337

 []


Overfull \hbox (31.29527pt too wide) has occurred while \output is active
[] 
 []


Overfull \vbox (815.87848pt too high) has occurred while \output is active []


Overfull \hbox (498.41129pt too wide) has occurred while \output is active
 [] 
 []


Underfull \hbox (badness 10000) has occurred while \output is active
[] 
 []

[47]
Underfull \hbox (badness 5388) in paragraph at lines 385--386
 []\TU/TimesNewRoman(0)/m/n/13 Таблица 5.3 – Результаты нагрузочного тестирования системы 
 []


Underfull \hbox (badness 3792) in paragraph at lines 388--399
 [][] 
 []


Overfull \hbox (31.29527pt too wide) has occurred while \output is active
[] 
 []


Overfull \vbox (815.87848pt too high) has occurred while \output is active []


Overfull \hbox (498.41129pt too wide) has occurred while \output is active
 [] 
 []


Underfull \hbox (badness 10000) has occurred while \output is active
[] 
 []

[48]
Overfull \hbox (1.1794pt too wide) in paragraph at lines 419--422
[] \TU/TimesNewRoman(0)/m/n/13 SSL-сертификаты, полученные от Let’s Encrypt, хранятся в отдельном Docker-томе,
 []


Overfull \hbox (31.29527pt too wide) has occurred while \output is active
[] 
 []


Overfull \vbox (815.87848pt too high) has occurred while \output is active []


Overfull \hbox (498.41129pt too wide) has occurred while \output is active
 [] 
 []


Underfull \hbox (badness 10000) has occurred while \output is active
[] 
 []

[49]
Overfull \hbox (2.21654pt too wide) in paragraph at lines 480--482
\TU/TimesNewRoman(0)/m/n/13 кой подход позволяет оперативно реагировать на аномалии и проводить пост-инцидентный
 []


Overfull \hbox (31.29527pt too wide) has occurred while \output is active
[] 
 []


Overfull \vbox (815.87848pt too high) has occurred while \output is active []


Overfull \hbox (498.41129pt too wide) has occurred while \output is active
 [] 
 []


Underfull \hbox (badness 10000) has occurred while \output is active
[] 
 []

[50]) (chapters/chapter6.tex
Overfull \hbox (31.29527pt too wide) has occurred while \output is active
[] 
 []


Overfull \vbox (815.87848pt too high) has occurred while \output is active []


Overfull \hbox (498.41129pt too wide) has occurred while \output is active
 [] 
 []


Underfull \hbox (badness 10000) has occurred while \output is active
[] 
 []

[51]
Overfull \hbox (8.53294pt too wide) in paragraph at lines 64--64
[]|\TU/TimesNewRoman(0)/m/n/13 где| 
 []


Overfull \hbox (6.12476pt too wide) in paragraph at lines 63--69
[][]
 []


Overfull \hbox (1.25552pt too wide) in paragraph at lines 70--71
[] \TU/TimesNewRoman(0)/m/n/13 В том случае, когда на стадии технико-экономического обоснования проекта невоз-
 []


Overfull \hbox (31.29527pt too wide) has occurred while \output is active
[] 
 []


Overfull \vbox (815.87848pt too high) has occurred while \output is active []


Overfull \hbox (498.41129pt too wide) has occurred while \output is active
 [] 
 []


Underfull \hbox (badness 10000) has occurred while \output is active
[] 
 []

[52


]
Overfull \hbox (8.53294pt too wide) in paragraph at lines 82--82
[]|\TU/TimesNewRoman(0)/m/n/13 где| 
 []


Overfull \hbox (6.12476pt too wide) in paragraph at lines 81--86
[][]
 []


Underfull \hbox (badness 2165) in paragraph at lines 91--92
 []\TU/TimesNewRoman(0)/m/n/13 Таблица 6.1 – Перечень и объем функций программного обеспечения 
 []


Overfull \hbox (31.29527pt too wide) has occurred while \output is active
[] 
 []


Overfull \vbox (815.87848pt too high) has occurred while \output is active []


Overfull \hbox (498.41129pt too wide) has occurred while \output is active
 [] 
 []


Underfull \hbox (badness 10000) has occurred while \output is active
[] 
 []

[53]
Overfull \hbox (8.53294pt too wide) in paragraph at lines 166--166
[]|\TU/TimesNewRoman(0)/m/n/13 где| 
 []


Overfull \hbox (6.12476pt too wide) in paragraph at lines 165--173
[][]
 []


Overfull \hbox (31.29527pt too wide) has occurred while \output is active
[] 
 []


Overfull \vbox (815.87848pt too high) has occurred while \output is active []


Overfull \hbox (498.41129pt too wide) has occurred while \output is active
 [] 
 []


Underfull \hbox (badness 10000) has occurred while \output is active
[] 
 []

[54]
Overfull \hbox (6.12476pt too wide) in paragraph at lines 187--191
[][]
 []


Underfull \hbox (badness 10000) in paragraph at lines 202--203
 []\TU/TimesNewRoman(0)/m/n/13 Таблица 6.2 – Расчет заработной платы 
 []


Overfull \hbox (6.12476pt too wide) in paragraph at lines 238--242
[][]
 []


Overfull \hbox (31.29527pt too wide) has occurred while \output is active
[] 
 []


Overfull \vbox (815.87848pt too high) has occurred while \output is active []


Overfull \hbox (498.41129pt too wide) has occurred while \output is active
 [] 
 []


Underfull \hbox (badness 10000) has occurred while \output is active
[] 
 []

[55]
Overfull \hbox (4.82182pt too wide) in paragraph at lines 251--252
[] \TU/TimesNewRoman(0)/m/n/13 В данном дипломном проекте для разработки нейронной сети приобретение какого-
 []


Overfull \hbox (6.12476pt too wide) in paragraph at lines 260--266
[][]
 []


Overfull \hbox (6.12476pt too wide) in paragraph at lines 284--288
[][]
 []


Overfull \hbox (31.29527pt too wide) has occurred while \output is active
[] 
 []


Overfull \vbox (815.87848pt too high) has occurred while \output is active []


Overfull \hbox (498.41129pt too wide) has occurred while \output is active
 [] 
 []


Underfull \hbox (badness 10000) has occurred while \output is active
[] 
 []

[56]
Overfull \hbox (6.12476pt too wide) in paragraph at lines 315--320
[][]
 []


Overfull \hbox (6.12476pt too wide) in paragraph at lines 334--338
[][]
 []


Overfull \hbox (31.29527pt too wide) has occurred while \output is active
[] 
 []


Overfull \vbox (815.87848pt too high) has occurred while \output is active []


Overfull \hbox (498.41129pt too wide) has occurred while \output is active
 [] 
 []


Underfull \hbox (badness 10000) has occurred while \output is active
[] 
 []

[57]
Underfull \hbox (badness 10000) in paragraph at lines 360--361
 []\TU/TimesNewRoman(0)/m/n/13 Таблица 6.3 – Себестоимость программного продукта 
 []


Overfull \hbox (6.12476pt too wide) in paragraph at lines 407--412
[][]
 []


Overfull \hbox (31.29527pt too wide) has occurred while \output is active
[] 
 []


Overfull \vbox (815.87848pt too high) has occurred while \output is active []


Overfull \hbox (498.41129pt too wide) has occurred while \output is active
 [] 
 []


Underfull \hbox (badness 10000) has occurred while \output is active
[] 
 []

[58]
Overfull \hbox (6.12476pt too wide) in paragraph at lines 439--443
[][]
 []


Overfull \hbox (6.12476pt too wide) in paragraph at lines 451--455
[][]
 []


Overfull \hbox (6.12476pt too wide) in paragraph at lines 475--479
[][]
 []


Overfull \hbox (31.29527pt too wide) has occurred while \output is active
[] 
 []


Overfull \vbox (815.87848pt too high) has occurred while \output is active []


Overfull \hbox (498.41129pt too wide) has occurred while \output is active
 [] 
 []


Underfull \hbox (badness 10000) has occurred while \output is active
[] 
 []

[59]
Underfull \hbox (badness 1783) in paragraph at lines 492--503
 [][] 
 []

) (chapters/conclusion.tex
Overfull \hbox (31.29527pt too wide) has occurred while \output is active
[] 
 []


Overfull \vbox (815.87848pt too high) has occurred while \output is active []


Overfull \hbox (498.41129pt too wide) has occurred while \output is active
 [] 
 []


Underfull \hbox (badness 10000) has occurred while \output is active
[] 
 []

[60]
Overfull \hbox (5.72556pt too wide) in paragraph at lines 50--52
[]\TU/TimesNewRoman(0)/m/n/13 Сравнение фактической выкладки с эталонной планограммой и выявление несо-
 []

) (chapters/abbreviations.tex
Overfull \hbox (31.29527pt too wide) has occurred while \output is active
[] 
 []


Overfull \vbox (815.87848pt too high) has occurred while \output is active []


Overfull \hbox (498.41129pt too wide) has occurred while \output is active
 [] 
 []


Underfull \hbox (badness 10000) has occurred while \output is active
[] 
 []

[61


]) (chapters/references.tex
Overfull \hbox (31.29527pt too wide) has occurred while \output is active
[] 
 []


Overfull \vbox (815.87848pt too high) has occurred while \output is active []


Overfull \hbox (498.41129pt too wide) has occurred while \output is active
 [] 
 []


Underfull \hbox (badness 10000) has occurred while \output is active
[] 
 []

[62


]
Overfull \hbox (4.93948pt too wide) in paragraph at lines 36--38
[]\TU/TimesNewRoman(0)/m/n/13 Telegram Bot API – официальная документация [Электронный ресурс] / Telegram
 []

)
Overfull \hbox (31.29527pt too wide) has occurred while \output is active
[] 
 []


Overfull \vbox (815.87848pt too high) has occurred while \output is active []


Overfull \hbox (498.41129pt too wide) has occurred while \output is active
 [] 
 []


Underfull \hbox (badness 10000) has occurred while \output is active
[] 
 []

[63


] 
enddocument/afterlastpage (AED): lastpage setting LastPage.
(main.aux)
 ***********
LaTeX2e <2025-11-01>
L3 programming layer <2026-01-19>
 ***********


LaTeX Font Warning: Size substitutions with differences
(Font)              up to 1.0pt have occurred.

 ) 
Here is how much of TeX's memory you used:
 22840 strings out of 402982
 539156 string characters out of 5448668
 1002627 words of memory out of 5000000
 51097 multiletter control sequences out of 15000+600000
 639745 words of font info for 172 fonts, out of 8000000 for 9000
 1348 hyphenation exceptions out of 8191
 118i,17n,121p,1280b,562s stack positions out of 10000i,1000n,20000p,200000b,200000s

Output written on main.xdv (61 pages, 1230340 bytes).
